******************************************************************************
                  MSP430 Linker PC v20.2.0                     
******************************************************************************
>> Linked Sun Jul 11 21:17:04 2021

OUTPUT FILE NAME:   <dc_measurement_device.out>
ENTRY POINT SYMBOL: "_c_int00_noargs"  address: 0000e104


MEMORY CONFIGURATION

         name            origin    length      used     unused   attr    fill
----------------------  --------  ---------  --------  --------  ----  --------
  SFR                   00000000   00000010  00000000  00000010  RWIX
  PERIPHERALS_8BIT      00000010   000000f0  00000000  000000f0  RWIX
  PERIPHERALS_16BIT     00000100   00000100  00000000  00000100  RWIX
  RAM                   00000200   00000200  00000067  00000199  RWIX
  INFOD                 00001000   00000040  00000000  00000040  RWIX
  INFOC                 00001040   00000040  00000000  00000040  RWIX
  INFOB                 00001080   00000040  00000000  00000040  RWIX
  INFOA                 000010c0   00000040  00000000  00000040  RWIX
  FLASH                 0000c000   00003fde  000024c2  00001b1c  RWIX
  BSLSIGNATURE          0000ffde   00000002  00000002  00000000  RWIX  ffff 
  INT00                 0000ffe0   00000002  00000002  00000000  RWIX
  INT01                 0000ffe2   00000002  00000000  00000002  RWIX
  INT02                 0000ffe4   00000002  00000002  00000000  RWIX
  INT03                 0000ffe6   00000002  00000002  00000000  RWIX
  INT04                 0000ffe8   00000002  00000000  00000002  RWIX
  INT05                 0000ffea   00000002  00000002  00000000  RWIX
  INT06                 0000ffec   00000002  00000002  00000000  RWIX
  INT07                 0000ffee   00000002  00000002  00000000  RWIX
  INT08                 0000fff0   00000002  00000002  00000000  RWIX
  INT09                 0000fff2   00000002  00000002  00000000  RWIX
  INT10                 0000fff4   00000002  00000002  00000000  RWIX
  INT11                 0000fff6   00000002  00000002  00000000  RWIX
  INT12                 0000fff8   00000002  00000002  00000000  RWIX
  INT13                 0000fffa   00000002  00000002  00000000  RWIX
  INT14                 0000fffc   00000002  00000002  00000000  RWIX
  RESET                 0000fffe   00000002  00000002  00000000  RWIX


SECTION ALLOCATION MAP

 output                                  attributes/
section   page    origin      length       input sections
--------  ----  ----------  ----------   ----------------
.data      0    00000200    00000017     UNINITIALIZED
                  00000200    00000006     main.obj (.data:analogValue)
                  00000206    00000005     main.obj (.data:currentBuffer)
                  0000020b    00000001     --HOLE--
                  0000020c    00000005     main.obj (.data:powerBuffer)
                  00000211    00000001     --HOLE--
                  00000212    00000005     main.obj (.data:voltageBuffer)

.stack     0    000003b0    00000050     UNINITIALIZED
                  000003b0    00000002     rts430_eabi.lib : boot.c.obj (.stack)
                  000003b2    0000004e     --HOLE--

.text      0    0000c000    00002290     
                  0000c000    000006ba     main.obj (.text:_ZN6Signal14determineDigitEv)
                  0000c6ba    00000478     rts430_eabi.lib : frcdivd.c.obj (.text:__TI_frcdivd)
                  0000cb32    00000286                     : frcmpyd.c.obj (.text:__TI_frcmpyd)
                  0000cdb8    0000026e                     : mpyd.c.obj (.text:__mspabi_mpyd)
                  0000d026    00000238                     : divd.c.obj (.text:__mspabi_divd)
                  0000d25e    00000116                     : _printfi_min.c.obj (.text:_setfield)
                  0000d374    000000f4     main.obj (.text:_ZN6Signal16determineCurrentEv)
                  0000d468    000000ec     main.obj (.text:_ZN6Signal7showLCDEv)
                  0000d554    000000ec     rts430_eabi.lib : _printfi_min.c.obj (.text:__TI_printfi_minimal)
                  0000d640    000000dc                     : cmpd.c.obj (.text:__mspabi_cmpd)
                  0000d71c    000000ca                     : _printfi_min.c.obj (.text:_pproc_diouxp)
                  0000d7e6    000000c4                     : fs_mpy.asm.obj (.text)
                  0000d8aa    000000b6     main.obj (.text:_Z19systemConfigrationsv)
                  0000d960    000000ac     main.obj (.text:_ZN6Signal16determineVoltageEv)
                  0000da0c    0000009c     rts430_eabi.lib : fs_div.asm.obj (.text)
                  0000daa8    0000008c                     : cvtdf.c.obj (.text:__mspabi_cvtdf)
                  0000db34    0000008a                     : fltuld.c.obj (.text:__mspabi_fltuld)
                  0000dbbe    0000007c                     : copy_decompress_lzss.c.obj (.text:decompress:lzss:__TI_decompress_lzss)
                  0000dc3a    00000070                     : cvtfd.c.obj (.text:__mspabi_cvtfd)
                  0000dcaa    00000068                     : fs_toi.asm.obj (.text)
                  0000dd12    0000005c                     : lsr32.asm.obj (.text:l_lsr_const)
                  0000dd6e    0000004c                     : lsr16.asm.obj (.text)
                  0000ddba    0000004a                     : fs_cmp.asm.obj (.text)
                  0000de04    00000042                     : autoinit.c.obj (.text:__TI_auto_init_nobinit_nopinit:__TI_auto_init_nobinit_nopinit)
                  0000de46    0000003e                     : asr32.asm.obj (.text:l_asr_const)
                  0000de84    0000003e                     : lsl32.asm.obj (.text:l_lsl_const)
                  0000dec2    0000003c     main.obj (.text:_Z14writeCharToLCDc)
                  0000defe    00000038     rts430_eabi.lib : sprintf.c.obj (.text:sprintf)
                  0000df36    00000034     main.obj (.text:_Z7initLCDv)
                  0000df6a    00000034     main.obj (.text:main)
                  0000df9e    0000002e     main.obj (.text:_ZN6Signal14determinePowerEv)
                  0000dfcc    0000002c     rts430_eabi.lib : asr16.asm.obj (.text)
                  0000dff8    0000002c                     : div16s.asm.obj (.text)
                  0000e024    0000002c                     : lsl16.asm.obj (.text)
                  0000e050    0000002a     main.obj (.text:_Z8clearLCDv)
                  0000e07a    00000026     rts430_eabi.lib : mult32.asm.obj (.text)
                  0000e0a0    00000022     main.obj (.text:_Z10writeToLCDhh)
                  0000e0c2    00000022     rts430_eabi.lib : memccpy.c.obj (.text:memccpy)
                  0000e0e4    00000020     main.obj (.text:_ZN6Signal10readSignalEv)
                  0000e104    0000001c     rts430_eabi.lib : boot.c.obj (.text:_c_int00_noargs)
                  0000e120    0000001a     main.obj (.text:_Z7setAddrhh)
                  0000e13a    0000001a     rts430_eabi.lib : sprintf.c.obj (.text:_outs)
                  0000e154    00000018     main.obj (.text:_ZN6Signal10setCurrentEf)
                  0000e16c    00000018     main.obj (.text:_ZN6Signal10setVoltageEf)
                  0000e184    00000018     main.obj (.text:_ZN6Signal8setPowerEf)
                  0000e19c    00000016     main.obj (.text:_Z16writeStringToLCDPKc)
                  0000e1b2    00000016     main.obj (.text:_Z7delayMSj)
                  0000e1c8    00000016     rts430_eabi.lib : div16u.asm.obj (.text)
                  0000e1de    00000014                     : memset.c.obj (.text:memset)
                  0000e1f2    00000014                     : mult16.asm.obj (.text)
                  0000e206    00000012                     : sprintf.c.obj (.text:_outc)
                  0000e218    00000012                     : copy_decompress_none.c.obj (.text:decompress:none:__TI_decompress_none)
                  0000e22a    00000012                     : memcpy.c.obj (.text:memcpy)
                  0000e23c    00000010                     : epilog.asm.obj (.text)
                  0000e24c    0000000e                     : strlen.c.obj (.text:strlen)
                  0000e25a    0000000c     main.obj (.text:_ZN6Signal10getCurrentEv)
                  0000e266    0000000c     main.obj (.text:_ZN6Signal8getPowerEv)
                  0000e272    0000000a     main.obj (.text:_ZN6Signal10getVoltageEv)
                  0000e27c    00000008     rts430_eabi.lib : isr_trap.asm.obj (.text:_isr:__TI_ISR_TRAP)
                  0000e284    00000006                     : exit.c.obj (.text:abort)
                  0000e28a    00000004                     : pre_init.c.obj (.text:_system_pre_init)
                  0000e28e    00000002                     : startup.c.obj (.text:_system_post_cinit)

.const     0    0000e290    00000222     
                  0000e290    000001e0     main.obj (.const:font)
                  0000e470    00000022     main.obj (.const:.string)
                  0000e492    00000014     rts430_eabi.lib : _printfi_min.c.obj (.const:.string)
                  0000e4a6    0000000c     main.obj (.const:$P$T0$1)

.cinit     0    0000e4b2    00000010     
                  0000e4b2    00000008     (.cinit..data.load) [load image, compression = lzss]
                  0000e4ba    00000004     (__TI_handler_table)
                  0000e4be    00000004     (__TI_cinit_table)

.binit     0    0000c000    00000000     

.init_array 
*          0    0000c000    00000000     UNINITIALIZED

TRAPINT    0    0000ffe0    00000002     
                  0000ffe0    00000002     rts430_eabi.lib : int00.asm.obj (.int00)

PORT1      0    0000ffe4    00000002     
                  0000ffe4    00000002     rts430_eabi.lib : int02.asm.obj (.int02)

PORT2      0    0000ffe6    00000002     
                  0000ffe6    00000002     rts430_eabi.lib : int03.asm.obj (.int03)

ADC10      0    0000ffea    00000002     
                  0000ffea    00000002     rts430_eabi.lib : int05.asm.obj (.int05)

USCIAB0TX 
*          0    0000ffec    00000002     
                  0000ffec    00000002     rts430_eabi.lib : int06.asm.obj (.int06)

USCIAB0RX 
*          0    0000ffee    00000002     
                  0000ffee    00000002     rts430_eabi.lib : int07.asm.obj (.int07)

TIMER0_A1 
*          0    0000fff0    00000002     
                  0000fff0    00000002     rts430_eabi.lib : int08.asm.obj (.int08)

TIMER0_A0 
*          0    0000fff2    00000002     
                  0000fff2    00000002     rts430_eabi.lib : int09.asm.obj (.int09)

WDT        0    0000fff4    00000002     
                  0000fff4    00000002     rts430_eabi.lib : int10.asm.obj (.int10)

COMPARATORA 
*          0    0000fff6    00000002     
                  0000fff6    00000002     rts430_eabi.lib : int11.asm.obj (.int11)

TIMER1_A1 
*          0    0000fff8    00000002     
                  0000fff8    00000002     rts430_eabi.lib : int12.asm.obj (.int12)

TIMER1_A0 
*          0    0000fffa    00000002     
                  0000fffa    00000002     rts430_eabi.lib : int13.asm.obj (.int13)

NMI        0    0000fffc    00000002     
                  0000fffc    00000002     rts430_eabi.lib : int14.asm.obj (.int14)

.reset     0    0000fffe    00000002     
                  0000fffe    00000002     rts430_eabi.lib : boot.c.obj (.reset)

$fill000   0    0000ffde    00000002     
                  0000ffde    00000002     --HOLE-- [fill = ffff]

MODULE SUMMARY

       Module                       code   ro data   rw data
       ------                       ----   -------   -------
    .\
       main.obj                     3050   526       21     
    +--+----------------------------+------+---------+---------+
       Total:                       3050   526       21     
                                                            
    C:\ti\ccs1000\ccs\tools\compiler\ti-cgt-msp430_20.2.0.LTS\lib\rts430_eabi.lib
       frcdivd.c.obj                1144   0         0      
       _printfi_min.c.obj           716    20        0      
       frcmpyd.c.obj                646    0         0      
       mpyd.c.obj                   622    0         0      
       divd.c.obj                   568    0         0      
       cmpd.c.obj                   220    0         0      
       fs_mpy.asm.obj               196    0         0      
       fs_div.asm.obj               156    0         0      
       cvtdf.c.obj                  140    0         0      
       fltuld.c.obj                 138    0         0      
       copy_decompress_lzss.c.obj   124    0         0      
       cvtfd.c.obj                  112    0         0      
       fs_toi.asm.obj               104    0         0      
       sprintf.c.obj                100    0         0      
       lsr32.asm.obj                92     0         0      
       lsr16.asm.obj                76     0         0      
       fs_cmp.asm.obj               74     0         0      
       autoinit.c.obj               66     0         0      
       asr32.asm.obj                62     0         0      
       lsl32.asm.obj                62     0         0      
       asr16.asm.obj                44     0         0      
       div16s.asm.obj               44     0         0      
       lsl16.asm.obj                44     0         0      
       mult32.asm.obj               38     0         0      
       memccpy.c.obj                34     0         0      
       boot.c.obj                   28     2         0      
       div16u.asm.obj               22     0         0      
       memset.c.obj                 20     0         0      
       mult16.asm.obj               20     0         0      
       copy_decompress_none.c.obj   18     0         0      
       memcpy.c.obj                 18     0         0      
       epilog.asm.obj               16     0         0      
       strlen.c.obj                 14     0         0      
       isr_trap.asm.obj             8      0         0      
       exit.c.obj                   6      0         0      
       pre_init.c.obj               4      0         0      
       int00.asm.obj                0      2         0      
       int02.asm.obj                0      2         0      
       int03.asm.obj                0      2         0      
       int05.asm.obj                0      2         0      
       int06.asm.obj                0      2         0      
       int07.asm.obj                0      2         0      
       int08.asm.obj                0      2         0      
       int09.asm.obj                0      2         0      
       int10.asm.obj                0      2         0      
       int11.asm.obj                0      2         0      
       int12.asm.obj                0      2         0      
       int13.asm.obj                0      2         0      
       int14.asm.obj                0      2         0      
       startup.c.obj                2      0         0      
    +--+----------------------------+------+---------+---------+
       Total:                       5798   48        0      
                                                            
       Stack:                       0      0         80     
       Linker Generated:            0      16        0      
    +--+----------------------------+------+---------+---------+
       Grand Total:                 8848   590       101    


LINKER GENERATED COPY TABLES

__TI_cinit_table @ 0000e4be records: 1, size/record: 4, table size: 4
	.data: load addr=0000e4b2, load size=00000008 bytes, run addr=00000200, run size=00000017 bytes, compression=lzss


LINKER GENERATED HANDLER TABLE

__TI_handler_table @ 0000e4ba records: 2, size/record: 2, table size: 4
	index: 0, handler: __TI_decompress_lzss
	index: 1, handler: __TI_decompress_none


GLOBAL SYMBOLS: SORTED ALPHABETICALLY BY Name 

address   name                          
-------   ----                          
0000004a  ADC10AE0                      
000001b0  ADC10CTL0                     
000001b2  ADC10CTL1                     
00000048  ADC10DTC0                     
00000049  ADC10DTC1                     
000001b4  ADC10MEM                      
000001bc  ADC10SA                       
00000057  BCSCTL1                       
00000058  BCSCTL2                       
00000053  BCSCTL3                       
0000e284  C$$EXIT                       
00000059  CACTL1                        
0000005a  CACTL2                        
000010fb  CALBC1_12MHZ                  
000010f9  CALBC1_16MHZ                  
000010ff  CALBC1_1MHZ                   
000010fd  CALBC1_8MHZ                   
000010fa  CALDCO_12MHZ                  
000010f8  CALDCO_16MHZ                  
000010fe  CALDCO_1MHZ                   
000010fc  CALDCO_8MHZ                   
0000005b  CAPD                          
00000056  DCOCTL                        
00000128  FCTL1                         
0000012a  FCTL2                         
0000012c  FCTL3                         
00000000  IE1                           
00000001  IE2                           
00000002  IFG1                          
00000003  IFG2                          
00000022  P1DIR                         
00000025  P1IE                          
00000024  P1IES                         
00000023  P1IFG                         
00000020  P1IN                          
00000021  P1OUT                         
00000027  P1REN                         
00000026  P1SEL                         
00000041  P1SEL2                        
0000002a  P2DIR                         
0000002d  P2IE                          
0000002c  P2IES                         
0000002b  P2IFG                         
00000028  P2IN                          
00000029  P2OUT                         
0000002f  P2REN                         
0000002e  P2SEL                         
00000042  P2SEL2                        
0000001a  P3DIR                         
00000018  P3IN                          
00000019  P3OUT                         
00000010  P3REN                         
0000001b  P3SEL                         
00000043  P3SEL2                        
00000172  TA0CCR0                       
00000174  TA0CCR1                       
00000176  TA0CCR2                       
00000162  TA0CCTL0                      
00000164  TA0CCTL1                      
00000166  TA0CCTL2                      
00000160  TA0CTL                        
0000012e  TA0IV                         
00000170  TA0R                          
00000192  TA1CCR0                       
00000194  TA1CCR1                       
00000196  TA1CCR2                       
00000182  TA1CCTL0                      
00000184  TA1CCTL1                      
00000186  TA1CCTL2                      
00000180  TA1CTL                        
0000011e  TA1IV                         
00000190  TA1R                          
000010db  TLV_ADC10_1_LEN               
000010da  TLV_ADC10_1_TAG               
000010c0  TLV_CHECKSUM                  
000010f7  TLV_DCO_30_LEN                
000010f6  TLV_DCO_30_TAG                
0000005d  UCA0ABCTL                     
00000062  UCA0BR0                       
00000063  UCA0BR1                       
00000060  UCA0CTL0                      
00000061  UCA0CTL1                      
0000005f  UCA0IRRCTL                    
0000005e  UCA0IRTCTL                    
00000064  UCA0MCTL                      
00000066  UCA0RXBUF                     
00000065  UCA0STAT                      
00000067  UCA0TXBUF                     
0000006a  UCB0BR0                       
0000006b  UCB0BR1                       
00000068  UCB0CTL0                      
00000069  UCB0CTL1                      
0000006c  UCB0I2CIE                     
00000118  UCB0I2COA                     
0000011a  UCB0I2CSA                     
0000006e  UCB0RXBUF                     
0000006d  UCB0STAT                      
0000006f  UCB0TXBUF                     
00000120  WDTCTL                        
0000e0a0  _Z10writeToLCDhh              
0000dec2  _Z14writeCharToLCDc           
0000e19c  _Z16writeStringToLCDPKc       
0000d8aa  _Z19systemConfigrationsv      
0000e1b2  _Z7delayMSj                   
0000df36  _Z7initLCDv                   
0000e120  _Z7setAddrhh                  
0000e050  _Z8clearLCDv                  
0000e25a  _ZN6Signal10getCurrentEv      
0000e272  _ZN6Signal10getVoltageEv      
0000e0e4  _ZN6Signal10readSignalEv      
0000e154  _ZN6Signal10setCurrentEf      
0000e16c  _ZN6Signal10setVoltageEf      
0000c000  _ZN6Signal14determineDigitEv  
0000df9e  _ZN6Signal14determinePowerEv  
0000d374  _ZN6Signal16determineCurrentEv
0000d960  _ZN6Signal16determineVoltageEv
0000d468  _ZN6Signal7showLCDEv          
0000e266  _ZN6Signal8getPowerEv         
0000e184  _ZN6Signal8setPowerEf         
00000400  __STACK_END                   
00000050  __STACK_SIZE                  
0000e4be  __TI_CINIT_Base               
0000e4c2  __TI_CINIT_Limit              
0000e4ba  __TI_Handler_Table_Base       
0000e4be  __TI_Handler_Table_Limit      
0000e27c  __TI_ISR_TRAP                 
0000de04  __TI_auto_init_nobinit_nopinit
0000dbbe  __TI_decompress_lzss          
0000e218  __TI_decompress_none          
0000c6ba  __TI_frcdivd                  
0000cb32  __TI_frcmpyd                  
0000ffe0  __TI_int00                    
0000ffe4  __TI_int02                    
0000ffe6  __TI_int03                    
0000ffea  __TI_int05                    
0000ffec  __TI_int06                    
0000ffee  __TI_int07                    
0000fff0  __TI_int08                    
0000fff2  __TI_int09                    
0000fff4  __TI_int10                    
0000fff6  __TI_int11                    
0000fff8  __TI_int12                    
0000fffa  __TI_int13                    
0000fffc  __TI_int14                    
ffffffff  __TI_pprof_out_hndl           
0000d554  __TI_printfi_minimal          
ffffffff  __TI_prof_data_size           
ffffffff  __TI_prof_data_start          
ffffffff  __c_args__                    
0000d640  __mspabi_cmpd                 
0000ddba  __mspabi_cmpf                 
0000daa8  __mspabi_cvtdf                
0000dc3a  __mspabi_cvtfd                
0000d026  __mspabi_divd                 
0000da0c  __mspabi_divf                 
0000dff8  __mspabi_divi                 
0000e1c8  __mspabi_divu                 
0000dcaa  __mspabi_fixfi                
0000db34  __mspabi_fltuld               
0000e248  __mspabi_func_epilog_1        
0000e246  __mspabi_func_epilog_2        
0000e244  __mspabi_func_epilog_3        
0000e242  __mspabi_func_epilog_4        
0000e240  __mspabi_func_epilog_5        
0000e23e  __mspabi_func_epilog_6        
0000e23c  __mspabi_func_epilog_7        
0000cdb8  __mspabi_mpyd                 
0000d7e6  __mspabi_mpyf                 
0000e1f2  __mspabi_mpyi                 
0000e1f2  __mspabi_mpyi_sw              
0000e07a  __mspabi_mpyl                 
0000e07a  __mspabi_mpyl_sw              
0000dff8  __mspabi_remi                 
0000e1c8  __mspabi_remu                 
0000e024  __mspabi_slli                 
0000e04c  __mspabi_slli_1               
0000e03a  __mspabi_slli_10              
0000e038  __mspabi_slli_11              
0000e036  __mspabi_slli_12              
0000e034  __mspabi_slli_13              
0000e032  __mspabi_slli_14              
0000e030  __mspabi_slli_15              
0000e04a  __mspabi_slli_2               
0000e048  __mspabi_slli_3               
0000e046  __mspabi_slli_4               
0000e044  __mspabi_slli_5               
0000e042  __mspabi_slli_6               
0000e040  __mspabi_slli_7               
0000e03e  __mspabi_slli_8               
0000e03c  __mspabi_slli_9               
0000debc  __mspabi_slll_1               
0000de98  __mspabi_slll_10              
0000de94  __mspabi_slll_11              
0000de90  __mspabi_slll_12              
0000de8c  __mspabi_slll_13              
0000de88  __mspabi_slll_14              
0000de84  __mspabi_slll_15              
0000deb8  __mspabi_slll_2               
0000deb4  __mspabi_slll_3               
0000deb0  __mspabi_slll_4               
0000deac  __mspabi_slll_5               
0000dea8  __mspabi_slll_6               
0000dea4  __mspabi_slll_7               
0000dea0  __mspabi_slll_8               
0000de9c  __mspabi_slll_9               
0000dfcc  __mspabi_srai                 
0000dff4  __mspabi_srai_1               
0000dfe2  __mspabi_srai_10              
0000dfe0  __mspabi_srai_11              
0000dfde  __mspabi_srai_12              
0000dfdc  __mspabi_srai_13              
0000dfda  __mspabi_srai_14              
0000dfd8  __mspabi_srai_15              
0000dff2  __mspabi_srai_2               
0000dff0  __mspabi_srai_3               
0000dfee  __mspabi_srai_4               
0000dfec  __mspabi_srai_5               
0000dfea  __mspabi_srai_6               
0000dfe8  __mspabi_srai_7               
0000dfe6  __mspabi_srai_8               
0000dfe4  __mspabi_srai_9               
0000de7e  __mspabi_sral_1               
0000de5a  __mspabi_sral_10              
0000de56  __mspabi_sral_11              
0000de52  __mspabi_sral_12              
0000de4e  __mspabi_sral_13              
0000de4a  __mspabi_sral_14              
0000de46  __mspabi_sral_15              
0000de7a  __mspabi_sral_2               
0000de76  __mspabi_sral_3               
0000de72  __mspabi_sral_4               
0000de6e  __mspabi_sral_5               
0000de6a  __mspabi_sral_6               
0000de66  __mspabi_sral_7               
0000de62  __mspabi_sral_8               
0000de5e  __mspabi_sral_9               
0000dd6e  __mspabi_srli                 
0000ddb4  __mspabi_srli_1               
0000dd90  __mspabi_srli_10              
0000dd8c  __mspabi_srli_11              
0000dd88  __mspabi_srli_12              
0000dd84  __mspabi_srli_13              
0000dd80  __mspabi_srli_14              
0000dd7c  __mspabi_srli_15              
0000ddb0  __mspabi_srli_2               
0000ddac  __mspabi_srli_3               
0000dda8  __mspabi_srli_4               
0000dda4  __mspabi_srli_5               
0000dda0  __mspabi_srli_6               
0000dd9c  __mspabi_srli_7               
0000dd98  __mspabi_srli_8               
0000dd94  __mspabi_srli_9               
0000dd66  __mspabi_srll_1               
0000dd30  __mspabi_srll_10              
0000dd2a  __mspabi_srll_11              
0000dd24  __mspabi_srll_12              
0000dd1e  __mspabi_srll_13              
0000dd18  __mspabi_srll_14              
0000dd12  __mspabi_srll_15              
0000dd60  __mspabi_srll_2               
0000dd5a  __mspabi_srll_3               
0000dd54  __mspabi_srll_4               
0000dd4e  __mspabi_srll_5               
0000dd48  __mspabi_srll_6               
0000dd42  __mspabi_srll_7               
0000dd3c  __mspabi_srll_8               
0000dd36  __mspabi_srll_9               
0000e104  _c_int00_noargs               
0000fffe  _reset_vector                 
000003b0  _stack                        
0000e28e  _system_post_cinit            
0000e28a  _system_pre_init              
0000e284  abort                         
00000200  analogValue                   
00000206  currentBuffer                 
0000df6a  main                          
0000e0c2  memccpy                       
0000e22a  memcpy                        
0000e1de  memset                        
0000020c  powerBuffer                   
0000defe  sprintf                       
0000e24c  strlen                        
00000212  voltageBuffer                 


GLOBAL SYMBOLS: SORTED BY Symbol Address 

address   name                          
-------   ----                          
00000000  IE1                           
00000001  IE2                           
00000002  IFG1                          
00000003  IFG2                          
00000010  P3REN                         
00000018  P3IN                          
00000019  P3OUT                         
0000001a  P3DIR                         
0000001b  P3SEL                         
00000020  P1IN                          
00000021  P1OUT                         
00000022  P1DIR                         
00000023  P1IFG                         
00000024  P1IES                         
00000025  P1IE                          
00000026  P1SEL                         
00000027  P1REN                         
00000028  P2IN                          
00000029  P2OUT                         
0000002a  P2DIR                         
0000002b  P2IFG                         
0000002c  P2IES                         
0000002d  P2IE                          
0000002e  P2SEL                         
0000002f  P2REN                         
00000041  P1SEL2                        
00000042  P2SEL2                        
00000043  P3SEL2                        
00000048  ADC10DTC0                     
00000049  ADC10DTC1                     
0000004a  ADC10AE0                      
00000050  __STACK_SIZE                  
00000053  BCSCTL3                       
00000056  DCOCTL                        
00000057  BCSCTL1                       
00000058  BCSCTL2                       
00000059  CACTL1                        
0000005a  CACTL2                        
0000005b  CAPD                          
0000005d  UCA0ABCTL                     
0000005e  UCA0IRTCTL                    
0000005f  UCA0IRRCTL                    
00000060  UCA0CTL0                      
00000061  UCA0CTL1                      
00000062  UCA0BR0                       
00000063  UCA0BR1                       
00000064  UCA0MCTL                      
00000065  UCA0STAT                      
00000066  UCA0RXBUF                     
00000067  UCA0TXBUF                     
00000068  UCB0CTL0                      
00000069  UCB0CTL1                      
0000006a  UCB0BR0                       
0000006b  UCB0BR1                       
0000006c  UCB0I2CIE                     
0000006d  UCB0STAT                      
0000006e  UCB0RXBUF                     
0000006f  UCB0TXBUF                     
00000118  UCB0I2COA                     
0000011a  UCB0I2CSA                     
0000011e  TA1IV                         
00000120  WDTCTL                        
00000128  FCTL1                         
0000012a  FCTL2                         
0000012c  FCTL3                         
0000012e  TA0IV                         
00000160  TA0CTL                        
00000162  TA0CCTL0                      
00000164  TA0CCTL1                      
00000166  TA0CCTL2                      
00000170  TA0R                          
00000172  TA0CCR0                       
00000174  TA0CCR1                       
00000176  TA0CCR2                       
00000180  TA1CTL                        
00000182  TA1CCTL0                      
00000184  TA1CCTL1                      
00000186  TA1CCTL2                      
00000190  TA1R                          
00000192  TA1CCR0                       
00000194  TA1CCR1                       
00000196  TA1CCR2                       
000001b0  ADC10CTL0                     
000001b2  ADC10CTL1                     
000001b4  ADC10MEM                      
000001bc  ADC10SA                       
00000200  analogValue                   
00000206  currentBuffer                 
0000020c  powerBuffer                   
00000212  voltageBuffer                 
000003b0  _stack                        
00000400  __STACK_END                   
000010c0  TLV_CHECKSUM                  
000010da  TLV_ADC10_1_TAG               
000010db  TLV_ADC10_1_LEN               
000010f6  TLV_DCO_30_TAG                
000010f7  TLV_DCO_30_LEN                
000010f8  CALDCO_16MHZ                  
000010f9  CALBC1_16MHZ                  
000010fa  CALDCO_12MHZ                  
000010fb  CALBC1_12MHZ                  
000010fc  CALDCO_8MHZ                   
000010fd  CALBC1_8MHZ                   
000010fe  CALDCO_1MHZ                   
000010ff  CALBC1_1MHZ                   
0000c000  _ZN6Signal14determineDigitEv  
0000c6ba  __TI_frcdivd                  
0000cb32  __TI_frcmpyd                  
0000cdb8  __mspabi_mpyd                 
0000d026  __mspabi_divd                 
0000d374  _ZN6Signal16determineCurrentEv
0000d468  _ZN6Signal7showLCDEv          
0000d554  __TI_printfi_minimal          
0000d640  __mspabi_cmpd                 
0000d7e6  __mspabi_mpyf                 
0000d8aa  _Z19systemConfigrationsv      
0000d960  _ZN6Signal16determineVoltageEv
0000da0c  __mspabi_divf                 
0000daa8  __mspabi_cvtdf                
0000db34  __mspabi_fltuld               
0000dbbe  __TI_decompress_lzss          
0000dc3a  __mspabi_cvtfd                
0000dcaa  __mspabi_fixfi                
0000dd12  __mspabi_srll_15              
0000dd18  __mspabi_srll_14              
0000dd1e  __mspabi_srll_13              
0000dd24  __mspabi_srll_12              
0000dd2a  __mspabi_srll_11              
0000dd30  __mspabi_srll_10              
0000dd36  __mspabi_srll_9               
0000dd3c  __mspabi_srll_8               
0000dd42  __mspabi_srll_7               
0000dd48  __mspabi_srll_6               
0000dd4e  __mspabi_srll_5               
0000dd54  __mspabi_srll_4               
0000dd5a  __mspabi_srll_3               
0000dd60  __mspabi_srll_2               
0000dd66  __mspabi_srll_1               
0000dd6e  __mspabi_srli                 
0000dd7c  __mspabi_srli_15              
0000dd80  __mspabi_srli_14              
0000dd84  __mspabi_srli_13              
0000dd88  __mspabi_srli_12              
0000dd8c  __mspabi_srli_11              
0000dd90  __mspabi_srli_10              
0000dd94  __mspabi_srli_9               
0000dd98  __mspabi_srli_8               
0000dd9c  __mspabi_srli_7               
0000dda0  __mspabi_srli_6               
0000dda4  __mspabi_srli_5               
0000dda8  __mspabi_srli_4               
0000ddac  __mspabi_srli_3               
0000ddb0  __mspabi_srli_2               
0000ddb4  __mspabi_srli_1               
0000ddba  __mspabi_cmpf                 
0000de04  __TI_auto_init_nobinit_nopinit
0000de46  __mspabi_sral_15              
0000de4a  __mspabi_sral_14              
0000de4e  __mspabi_sral_13              
0000de52  __mspabi_sral_12              
0000de56  __mspabi_sral_11              
0000de5a  __mspabi_sral_10              
0000de5e  __mspabi_sral_9               
0000de62  __mspabi_sral_8               
0000de66  __mspabi_sral_7               
0000de6a  __mspabi_sral_6               
0000de6e  __mspabi_sral_5               
0000de72  __mspabi_sral_4               
0000de76  __mspabi_sral_3               
0000de7a  __mspabi_sral_2               
0000de7e  __mspabi_sral_1               
0000de84  __mspabi_slll_15              
0000de88  __mspabi_slll_14              
0000de8c  __mspabi_slll_13              
0000de90  __mspabi_slll_12              
0000de94  __mspabi_slll_11              
0000de98  __mspabi_slll_10              
0000de9c  __mspabi_slll_9               
0000dea0  __mspabi_slll_8               
0000dea4  __mspabi_slll_7               
0000dea8  __mspabi_slll_6               
0000deac  __mspabi_slll_5               
0000deb0  __mspabi_slll_4               
0000deb4  __mspabi_slll_3               
0000deb8  __mspabi_slll_2               
0000debc  __mspabi_slll_1               
0000dec2  _Z14writeCharToLCDc           
0000defe  sprintf                       
0000df36  _Z7initLCDv                   
0000df6a  main                          
0000df9e  _ZN6Signal14determinePowerEv  
0000dfcc  __mspabi_srai                 
0000dfd8  __mspabi_srai_15              
0000dfda  __mspabi_srai_14              
0000dfdc  __mspabi_srai_13              
0000dfde  __mspabi_srai_12              
0000dfe0  __mspabi_srai_11              
0000dfe2  __mspabi_srai_10              
0000dfe4  __mspabi_srai_9               
0000dfe6  __mspabi_srai_8               
0000dfe8  __mspabi_srai_7               
0000dfea  __mspabi_srai_6               
0000dfec  __mspabi_srai_5               
0000dfee  __mspabi_srai_4               
0000dff0  __mspabi_srai_3               
0000dff2  __mspabi_srai_2               
0000dff4  __mspabi_srai_1               
0000dff8  __mspabi_divi                 
0000dff8  __mspabi_remi                 
0000e024  __mspabi_slli                 
0000e030  __mspabi_slli_15              
0000e032  __mspabi_slli_14              
0000e034  __mspabi_slli_13              
0000e036  __mspabi_slli_12              
0000e038  __mspabi_slli_11              
0000e03a  __mspabi_slli_10              
0000e03c  __mspabi_slli_9               
0000e03e  __mspabi_slli_8               
0000e040  __mspabi_slli_7               
0000e042  __mspabi_slli_6               
0000e044  __mspabi_slli_5               
0000e046  __mspabi_slli_4               
0000e048  __mspabi_slli_3               
0000e04a  __mspabi_slli_2               
0000e04c  __mspabi_slli_1               
0000e050  _Z8clearLCDv                  
0000e07a  __mspabi_mpyl                 
0000e07a  __mspabi_mpyl_sw              
0000e0a0  _Z10writeToLCDhh              
0000e0c2  memccpy                       
0000e0e4  _ZN6Signal10readSignalEv      
0000e104  _c_int00_noargs               
0000e120  _Z7setAddrhh                  
0000e154  _ZN6Signal10setCurrentEf      
0000e16c  _ZN6Signal10setVoltageEf      
0000e184  _ZN6Signal8setPowerEf         
0000e19c  _Z16writeStringToLCDPKc       
0000e1b2  _Z7delayMSj                   
0000e1c8  __mspabi_divu                 
0000e1c8  __mspabi_remu                 
0000e1de  memset                        
0000e1f2  __mspabi_mpyi                 
0000e1f2  __mspabi_mpyi_sw              
0000e218  __TI_decompress_none          
0000e22a  memcpy                        
0000e23c  __mspabi_func_epilog_7        
0000e23e  __mspabi_func_epilog_6        
0000e240  __mspabi_func_epilog_5        
0000e242  __mspabi_func_epilog_4        
0000e244  __mspabi_func_epilog_3        
0000e246  __mspabi_func_epilog_2        
0000e248  __mspabi_func_epilog_1        
0000e24c  strlen                        
0000e25a  _ZN6Signal10getCurrentEv      
0000e266  _ZN6Signal8getPowerEv         
0000e272  _ZN6Signal10getVoltageEv      
0000e27c  __TI_ISR_TRAP                 
0000e284  C$$EXIT                       
0000e284  abort                         
0000e28a  _system_pre_init              
0000e28e  _system_post_cinit            
0000e4ba  __TI_Handler_Table_Base       
0000e4be  __TI_CINIT_Base               
0000e4be  __TI_Handler_Table_Limit      
0000e4c2  __TI_CINIT_Limit              
0000ffe0  __TI_int00                    
0000ffe4  __TI_int02                    
0000ffe6  __TI_int03                    
0000ffea  __TI_int05                    
0000ffec  __TI_int06                    
0000ffee  __TI_int07                    
0000fff0  __TI_int08                    
0000fff2  __TI_int09                    
0000fff4  __TI_int10                    
0000fff6  __TI_int11                    
0000fff8  __TI_int12                    
0000fffa  __TI_int13                    
0000fffc  __TI_int14                    
0000fffe  _reset_vector                 
ffffffff  __TI_pprof_out_hndl           
ffffffff  __TI_prof_data_size           
ffffffff  __TI_prof_data_start          
ffffffff  __c_args__                    

[283 symbols]
