<?xml version="1.0" encoding="ISO-8859-1" ?>
<link_info>
   <banner>MSP430 Linker PC v20.2.0.LTS</banner>
   <copyright>Copyright (c) 2003-2018 Texas Instruments Incorporated</copyright>
   <link_time>0x60eb35a0</link_time>
   <link_errors>0x0</link_errors>
   <output_file>dc_measurement_device.out</output_file>
   <entry_point>
      <name>_c_int00_noargs</name>
      <address>0xe104</address>
   </entry_point>
   <input_file_list>
      <input_file id="fl-2">
         <path>.\</path>
         <kind>object</kind>
         <file>main.obj</file>
         <name>main.obj</name>
      </input_file>
      <input_file id="fl-7">
         <kind>object</kind>
         <file>&lt;internal&gt;</file>
         <name>&lt;internal&gt;</name>
      </input_file>
      <input_file id="fl-1d">
         <path>C:\ti\ccs1000\ccs\tools\compiler\ti-cgt-msp430_20.2.0.LTS\lib\</path>
         <kind>archive</kind>
         <file>rts430_eabi.lib</file>
         <name>sprintf.c.obj</name>
      </input_file>
      <input_file id="fl-1e">
         <path>C:\ti\ccs1000\ccs\tools\compiler\ti-cgt-msp430_20.2.0.LTS\lib\</path>
         <kind>archive</kind>
         <file>rts430_eabi.lib</file>
         <name>div16s.asm.obj</name>
      </input_file>
      <input_file id="fl-1f">
         <path>C:\ti\ccs1000\ccs\tools\compiler\ti-cgt-msp430_20.2.0.LTS\lib\</path>
         <kind>archive</kind>
         <file>rts430_eabi.lib</file>
         <name>div16u.asm.obj</name>
      </input_file>
      <input_file id="fl-20">
         <path>C:\ti\ccs1000\ccs\tools\compiler\ti-cgt-msp430_20.2.0.LTS\lib\</path>
         <kind>archive</kind>
         <file>rts430_eabi.lib</file>
         <name>epilog.asm.obj</name>
      </input_file>
      <input_file id="fl-21">
         <path>C:\ti\ccs1000\ccs\tools\compiler\ti-cgt-msp430_20.2.0.LTS\lib\</path>
         <kind>archive</kind>
         <file>rts430_eabi.lib</file>
         <name>fs_cmp.asm.obj</name>
      </input_file>
      <input_file id="fl-22">
         <path>C:\ti\ccs1000\ccs\tools\compiler\ti-cgt-msp430_20.2.0.LTS\lib\</path>
         <kind>archive</kind>
         <file>rts430_eabi.lib</file>
         <name>fs_div.asm.obj</name>
      </input_file>
      <input_file id="fl-23">
         <path>C:\ti\ccs1000\ccs\tools\compiler\ti-cgt-msp430_20.2.0.LTS\lib\</path>
         <kind>archive</kind>
         <file>rts430_eabi.lib</file>
         <name>fs_mpy.asm.obj</name>
      </input_file>
      <input_file id="fl-24">
         <path>C:\ti\ccs1000\ccs\tools\compiler\ti-cgt-msp430_20.2.0.LTS\lib\</path>
         <kind>archive</kind>
         <file>rts430_eabi.lib</file>
         <name>fs_toi.asm.obj</name>
      </input_file>
      <input_file id="fl-25">
         <path>C:\ti\ccs1000\ccs\tools\compiler\ti-cgt-msp430_20.2.0.LTS\lib\</path>
         <kind>archive</kind>
         <file>rts430_eabi.lib</file>
         <name>int00.asm.obj</name>
      </input_file>
      <input_file id="fl-26">
         <path>C:\ti\ccs1000\ccs\tools\compiler\ti-cgt-msp430_20.2.0.LTS\lib\</path>
         <kind>archive</kind>
         <file>rts430_eabi.lib</file>
         <name>int02.asm.obj</name>
      </input_file>
      <input_file id="fl-27">
         <path>C:\ti\ccs1000\ccs\tools\compiler\ti-cgt-msp430_20.2.0.LTS\lib\</path>
         <kind>archive</kind>
         <file>rts430_eabi.lib</file>
         <name>int03.asm.obj</name>
      </input_file>
      <input_file id="fl-28">
         <path>C:\ti\ccs1000\ccs\tools\compiler\ti-cgt-msp430_20.2.0.LTS\lib\</path>
         <kind>archive</kind>
         <file>rts430_eabi.lib</file>
         <name>int05.asm.obj</name>
      </input_file>
      <input_file id="fl-29">
         <path>C:\ti\ccs1000\ccs\tools\compiler\ti-cgt-msp430_20.2.0.LTS\lib\</path>
         <kind>archive</kind>
         <file>rts430_eabi.lib</file>
         <name>int06.asm.obj</name>
      </input_file>
      <input_file id="fl-2a">
         <path>C:\ti\ccs1000\ccs\tools\compiler\ti-cgt-msp430_20.2.0.LTS\lib\</path>
         <kind>archive</kind>
         <file>rts430_eabi.lib</file>
         <name>int07.asm.obj</name>
      </input_file>
      <input_file id="fl-2b">
         <path>C:\ti\ccs1000\ccs\tools\compiler\ti-cgt-msp430_20.2.0.LTS\lib\</path>
         <kind>archive</kind>
         <file>rts430_eabi.lib</file>
         <name>int08.asm.obj</name>
      </input_file>
      <input_file id="fl-2c">
         <path>C:\ti\ccs1000\ccs\tools\compiler\ti-cgt-msp430_20.2.0.LTS\lib\</path>
         <kind>archive</kind>
         <file>rts430_eabi.lib</file>
         <name>int09.asm.obj</name>
      </input_file>
      <input_file id="fl-2d">
         <path>C:\ti\ccs1000\ccs\tools\compiler\ti-cgt-msp430_20.2.0.LTS\lib\</path>
         <kind>archive</kind>
         <file>rts430_eabi.lib</file>
         <name>int10.asm.obj</name>
      </input_file>
      <input_file id="fl-2e">
         <path>C:\ti\ccs1000\ccs\tools\compiler\ti-cgt-msp430_20.2.0.LTS\lib\</path>
         <kind>archive</kind>
         <file>rts430_eabi.lib</file>
         <name>int11.asm.obj</name>
      </input_file>
      <input_file id="fl-2f">
         <path>C:\ti\ccs1000\ccs\tools\compiler\ti-cgt-msp430_20.2.0.LTS\lib\</path>
         <kind>archive</kind>
         <file>rts430_eabi.lib</file>
         <name>int12.asm.obj</name>
      </input_file>
      <input_file id="fl-30">
         <path>C:\ti\ccs1000\ccs\tools\compiler\ti-cgt-msp430_20.2.0.LTS\lib\</path>
         <kind>archive</kind>
         <file>rts430_eabi.lib</file>
         <name>int13.asm.obj</name>
      </input_file>
      <input_file id="fl-31">
         <path>C:\ti\ccs1000\ccs\tools\compiler\ti-cgt-msp430_20.2.0.LTS\lib\</path>
         <kind>archive</kind>
         <file>rts430_eabi.lib</file>
         <name>int14.asm.obj</name>
      </input_file>
      <input_file id="fl-32">
         <path>C:\ti\ccs1000\ccs\tools\compiler\ti-cgt-msp430_20.2.0.LTS\lib\</path>
         <kind>archive</kind>
         <file>rts430_eabi.lib</file>
         <name>isr_trap.asm.obj</name>
      </input_file>
      <input_file id="fl-33">
         <path>C:\ti\ccs1000\ccs\tools\compiler\ti-cgt-msp430_20.2.0.LTS\lib\</path>
         <kind>archive</kind>
         <file>rts430_eabi.lib</file>
         <name>boot.c.obj</name>
      </input_file>
      <input_file id="fl-34">
         <path>C:\ti\ccs1000\ccs\tools\compiler\ti-cgt-msp430_20.2.0.LTS\lib\</path>
         <kind>archive</kind>
         <file>rts430_eabi.lib</file>
         <name>autoinit.c.obj</name>
      </input_file>
      <input_file id="fl-35">
         <path>C:\ti\ccs1000\ccs\tools\compiler\ti-cgt-msp430_20.2.0.LTS\lib\</path>
         <kind>archive</kind>
         <file>rts430_eabi.lib</file>
         <name>copy_zero_init.c.obj</name>
      </input_file>
      <input_file id="fl-36">
         <path>C:\ti\ccs1000\ccs\tools\compiler\ti-cgt-msp430_20.2.0.LTS\lib\</path>
         <kind>archive</kind>
         <file>rts430_eabi.lib</file>
         <name>cpy_tbl.c.obj</name>
      </input_file>
      <input_file id="fl-37">
         <path>C:\ti\ccs1000\ccs\tools\compiler\ti-cgt-msp430_20.2.0.LTS\lib\</path>
         <kind>archive</kind>
         <file>rts430_eabi.lib</file>
         <name>mpu_init.c.obj</name>
      </input_file>
      <input_file id="fl-38">
         <path>C:\ti\ccs1000\ccs\tools\compiler\ti-cgt-msp430_20.2.0.LTS\lib\</path>
         <kind>archive</kind>
         <file>rts430_eabi.lib</file>
         <name>pre_init.c.obj</name>
      </input_file>
      <input_file id="fl-39">
         <path>C:\ti\ccs1000\ccs\tools\compiler\ti-cgt-msp430_20.2.0.LTS\lib\</path>
         <kind>archive</kind>
         <file>rts430_eabi.lib</file>
         <name>startup.c.obj</name>
      </input_file>
      <input_file id="fl-3a">
         <path>C:\ti\ccs1000\ccs\tools\compiler\ti-cgt-msp430_20.2.0.LTS\lib\</path>
         <kind>archive</kind>
         <file>rts430_eabi.lib</file>
         <name>copy_decompress_none.c.obj</name>
      </input_file>
      <input_file id="fl-3b">
         <path>C:\ti\ccs1000\ccs\tools\compiler\ti-cgt-msp430_20.2.0.LTS\lib\</path>
         <kind>archive</kind>
         <file>rts430_eabi.lib</file>
         <name>copy_decompress_lzss.c.obj</name>
      </input_file>
      <input_file id="fl-3c">
         <path>C:\ti\ccs1000\ccs\tools\compiler\ti-cgt-msp430_20.2.0.LTS\lib\</path>
         <kind>archive</kind>
         <file>rts430_eabi.lib</file>
         <name>cvtdf.c.obj</name>
      </input_file>
      <input_file id="fl-3d">
         <path>C:\ti\ccs1000\ccs\tools\compiler\ti-cgt-msp430_20.2.0.LTS\lib\</path>
         <kind>archive</kind>
         <file>rts430_eabi.lib</file>
         <name>cmpd.c.obj</name>
      </input_file>
      <input_file id="fl-3e">
         <path>C:\ti\ccs1000\ccs\tools\compiler\ti-cgt-msp430_20.2.0.LTS\lib\</path>
         <kind>archive</kind>
         <file>rts430_eabi.lib</file>
         <name>cvtfd.c.obj</name>
      </input_file>
      <input_file id="fl-3f">
         <path>C:\ti\ccs1000\ccs\tools\compiler\ti-cgt-msp430_20.2.0.LTS\lib\</path>
         <kind>archive</kind>
         <file>rts430_eabi.lib</file>
         <name>divd.c.obj</name>
      </input_file>
      <input_file id="fl-40">
         <path>C:\ti\ccs1000\ccs\tools\compiler\ti-cgt-msp430_20.2.0.LTS\lib\</path>
         <kind>archive</kind>
         <file>rts430_eabi.lib</file>
         <name>fltuld.c.obj</name>
      </input_file>
      <input_file id="fl-41">
         <path>C:\ti\ccs1000\ccs\tools\compiler\ti-cgt-msp430_20.2.0.LTS\lib\</path>
         <kind>archive</kind>
         <file>rts430_eabi.lib</file>
         <name>frcdivd.c.obj</name>
      </input_file>
      <input_file id="fl-42">
         <path>C:\ti\ccs1000\ccs\tools\compiler\ti-cgt-msp430_20.2.0.LTS\lib\</path>
         <kind>archive</kind>
         <file>rts430_eabi.lib</file>
         <name>mpyd.c.obj</name>
      </input_file>
      <input_file id="fl-43">
         <path>C:\ti\ccs1000\ccs\tools\compiler\ti-cgt-msp430_20.2.0.LTS\lib\</path>
         <kind>archive</kind>
         <file>rts430_eabi.lib</file>
         <name>exit.c.obj</name>
      </input_file>
      <input_file id="fl-44">
         <path>C:\ti\ccs1000\ccs\tools\compiler\ti-cgt-msp430_20.2.0.LTS\lib\</path>
         <kind>archive</kind>
         <file>rts430_eabi.lib</file>
         <name>_lock.c.obj</name>
      </input_file>
      <input_file id="fl-45">
         <path>C:\ti\ccs1000\ccs\tools\compiler\ti-cgt-msp430_20.2.0.LTS\lib\</path>
         <kind>archive</kind>
         <file>rts430_eabi.lib</file>
         <name>args_main.c.obj</name>
      </input_file>
      <input_file id="fl-46">
         <path>C:\ti\ccs1000\ccs\tools\compiler\ti-cgt-msp430_20.2.0.LTS\lib\</path>
         <kind>archive</kind>
         <file>rts430_eabi.lib</file>
         <name>memcpy.c.obj</name>
      </input_file>
      <input_file id="fl-47">
         <path>C:\ti\ccs1000\ccs\tools\compiler\ti-cgt-msp430_20.2.0.LTS\lib\</path>
         <kind>archive</kind>
         <file>rts430_eabi.lib</file>
         <name>memset.c.obj</name>
      </input_file>
      <input_file id="fl-48">
         <path>C:\ti\ccs1000\ccs\tools\compiler\ti-cgt-msp430_20.2.0.LTS\lib\</path>
         <kind>archive</kind>
         <file>rts430_eabi.lib</file>
         <name>_printfi_min.c.obj</name>
      </input_file>
      <input_file id="fl-49">
         <path>C:\ti\ccs1000\ccs\tools\compiler\ti-cgt-msp430_20.2.0.LTS\lib\</path>
         <kind>archive</kind>
         <file>rts430_eabi.lib</file>
         <name>asr16.asm.obj</name>
      </input_file>
      <input_file id="fl-4a">
         <path>C:\ti\ccs1000\ccs\tools\compiler\ti-cgt-msp430_20.2.0.LTS\lib\</path>
         <kind>archive</kind>
         <file>rts430_eabi.lib</file>
         <name>asr32.asm.obj</name>
      </input_file>
      <input_file id="fl-4b">
         <path>C:\ti\ccs1000\ccs\tools\compiler\ti-cgt-msp430_20.2.0.LTS\lib\</path>
         <kind>archive</kind>
         <file>rts430_eabi.lib</file>
         <name>lsl16.asm.obj</name>
      </input_file>
      <input_file id="fl-4c">
         <path>C:\ti\ccs1000\ccs\tools\compiler\ti-cgt-msp430_20.2.0.LTS\lib\</path>
         <kind>archive</kind>
         <file>rts430_eabi.lib</file>
         <name>lsl32.asm.obj</name>
      </input_file>
      <input_file id="fl-4d">
         <path>C:\ti\ccs1000\ccs\tools\compiler\ti-cgt-msp430_20.2.0.LTS\lib\</path>
         <kind>archive</kind>
         <file>rts430_eabi.lib</file>
         <name>lsr16.asm.obj</name>
      </input_file>
      <input_file id="fl-4e">
         <path>C:\ti\ccs1000\ccs\tools\compiler\ti-cgt-msp430_20.2.0.LTS\lib\</path>
         <kind>archive</kind>
         <file>rts430_eabi.lib</file>
         <name>lsr32.asm.obj</name>
      </input_file>
      <input_file id="fl-4f">
         <path>C:\ti\ccs1000\ccs\tools\compiler\ti-cgt-msp430_20.2.0.LTS\lib\</path>
         <kind>archive</kind>
         <file>rts430_eabi.lib</file>
         <name>mult16.asm.obj</name>
      </input_file>
      <input_file id="fl-50">
         <path>C:\ti\ccs1000\ccs\tools\compiler\ti-cgt-msp430_20.2.0.LTS\lib\</path>
         <kind>archive</kind>
         <file>rts430_eabi.lib</file>
         <name>mult32.asm.obj</name>
      </input_file>
      <input_file id="fl-51">
         <path>C:\ti\ccs1000\ccs\tools\compiler\ti-cgt-msp430_20.2.0.LTS\lib\</path>
         <kind>archive</kind>
         <file>rts430_eabi.lib</file>
         <name>exit_gvars.c.obj</name>
      </input_file>
      <input_file id="fl-52">
         <path>C:\ti\ccs1000\ccs\tools\compiler\ti-cgt-msp430_20.2.0.LTS\lib\</path>
         <kind>archive</kind>
         <file>rts430_eabi.lib</file>
         <name>lsr64.c.obj</name>
      </input_file>
      <input_file id="fl-53">
         <path>C:\ti\ccs1000\ccs\tools\compiler\ti-cgt-msp430_20.2.0.LTS\lib\</path>
         <kind>archive</kind>
         <file>rts430_eabi.lib</file>
         <name>frcmpyd.c.obj</name>
      </input_file>
      <input_file id="fl-54">
         <path>C:\ti\ccs1000\ccs\tools\compiler\ti-cgt-msp430_20.2.0.LTS\lib\</path>
         <kind>archive</kind>
         <file>rts430_eabi.lib</file>
         <name>memccpy.c.obj</name>
      </input_file>
      <input_file id="fl-55">
         <path>C:\ti\ccs1000\ccs\tools\compiler\ti-cgt-msp430_20.2.0.LTS\lib\</path>
         <kind>archive</kind>
         <file>rts430_eabi.lib</file>
         <name>strlen.c.obj</name>
      </input_file>
   </input_file_list>
   <object_component_list>
      <object_component id="oc-1ef">
         <name>.data:analogValue</name>
         <load_address>0x200</load_address>
         <run_address>0x200</run_address>
         <size>0x6</size>
         <input_file_ref idref="fl-2"/>
      </object_component>
      <object_component id="oc-264">
         <name>.data:voltageBuffer</name>
         <load_address>0x212</load_address>
         <run_address>0x212</run_address>
         <size>0x5</size>
         <input_file_ref idref="fl-2"/>
      </object_component>
      <object_component id="oc-267">
         <name>.data:currentBuffer</name>
         <load_address>0x206</load_address>
         <run_address>0x206</run_address>
         <size>0x5</size>
         <input_file_ref idref="fl-2"/>
      </object_component>
      <object_component id="oc-270">
         <name>.data:powerBuffer</name>
         <load_address>0x20c</load_address>
         <run_address>0x20c</run_address>
         <size>0x5</size>
         <input_file_ref idref="fl-2"/>
      </object_component>
      <object_component id="oc-b1">
         <name>.stack</name>
         <uninitialized>true</uninitialized>
         <run_address>0x3b0</run_address>
         <size>0x2</size>
         <input_file_ref idref="fl-33"/>
      </object_component>
      <object_component id="oc-42f">
         <name>.stack</name>
         <uninitialized>true</uninitialized>
         <run_address>0x3b0</run_address>
         <size>0x0</size>
      </object_component>
      <object_component id="oc-188">
         <name>.text:_ZN6Signal14determineDigitEv</name>
         <load_address>0xc000</load_address>
         <run_address>0xc000</run_address>
         <size>0x6ba</size>
         <input_file_ref idref="fl-2"/>
      </object_component>
      <object_component id="oc-2ed">
         <name>.text:__TI_frcdivd</name>
         <load_address>0xc6ba</load_address>
         <run_address>0xc6ba</run_address>
         <size>0x478</size>
         <input_file_ref idref="fl-41"/>
      </object_component>
      <object_component id="oc-311">
         <name>.text:__TI_frcmpyd</name>
         <load_address>0xcb32</load_address>
         <run_address>0xcb32</run_address>
         <size>0x286</size>
         <input_file_ref idref="fl-53"/>
      </object_component>
      <object_component id="oc-227">
         <name>.text:__mspabi_mpyd</name>
         <load_address>0xcdb8</load_address>
         <run_address>0xcdb8</run_address>
         <size>0x26e</size>
         <input_file_ref idref="fl-42"/>
      </object_component>
      <object_component id="oc-1ff">
         <name>.text:__mspabi_divd</name>
         <load_address>0xd026</load_address>
         <run_address>0xd026</run_address>
         <size>0x238</size>
         <input_file_ref idref="fl-3f"/>
      </object_component>
      <object_component id="oc-39d">
         <name>.text:_setfield</name>
         <load_address>0xd25e</load_address>
         <run_address>0xd25e</run_address>
         <size>0x116</size>
         <input_file_ref idref="fl-48"/>
      </object_component>
      <object_component id="oc-17c">
         <name>.text:_ZN6Signal16determineCurrentEv</name>
         <load_address>0xd374</load_address>
         <run_address>0xd374</run_address>
         <size>0xf4</size>
         <input_file_ref idref="fl-2"/>
      </object_component>
      <object_component id="oc-18e">
         <name>.text:_ZN6Signal7showLCDEv</name>
         <load_address>0xd468</load_address>
         <run_address>0xd468</run_address>
         <size>0xec</size>
         <input_file_ref idref="fl-2"/>
      </object_component>
      <object_component id="oc-333">
         <name>.text:__TI_printfi_minimal</name>
         <load_address>0xd554</load_address>
         <run_address>0xd554</run_address>
         <size>0xec</size>
         <input_file_ref idref="fl-48"/>
      </object_component>
      <object_component id="oc-22d">
         <name>.text:__mspabi_cmpd</name>
         <load_address>0xd640</load_address>
         <run_address>0xd640</run_address>
         <size>0xdc</size>
         <input_file_ref idref="fl-3d"/>
      </object_component>
      <object_component id="oc-3c8">
         <name>.text:_pproc_diouxp</name>
         <load_address>0xd71c</load_address>
         <run_address>0xd71c</run_address>
         <size>0xca</size>
         <input_file_ref idref="fl-48"/>
      </object_component>
      <object_component id="oc-20b">
         <name>.text</name>
         <load_address>0xd7e6</load_address>
         <run_address>0xd7e6</run_address>
         <size>0xc4</size>
         <input_file_ref idref="fl-23"/>
      </object_component>
      <object_component id="oc-170">
         <name>.text:_Z19systemConfigrationsv</name>
         <load_address>0xd8aa</load_address>
         <run_address>0xd8aa</run_address>
         <size>0xb6</size>
         <input_file_ref idref="fl-2"/>
      </object_component>
      <object_component id="oc-176">
         <name>.text:_ZN6Signal16determineVoltageEv</name>
         <load_address>0xd960</load_address>
         <run_address>0xd960</run_address>
         <size>0xac</size>
         <input_file_ref idref="fl-2"/>
      </object_component>
      <object_component id="oc-210">
         <name>.text</name>
         <load_address>0xda0c</load_address>
         <run_address>0xda0c</run_address>
         <size>0x9c</size>
         <input_file_ref idref="fl-22"/>
      </object_component>
      <object_component id="oc-205">
         <name>.text:__mspabi_cvtdf</name>
         <load_address>0xdaa8</load_address>
         <run_address>0xdaa8</run_address>
         <size>0x8c</size>
         <input_file_ref idref="fl-3c"/>
      </object_component>
      <object_component id="oc-1f9">
         <name>.text:__mspabi_fltuld</name>
         <load_address>0xdb34</load_address>
         <run_address>0xdb34</run_address>
         <size>0x8a</size>
         <input_file_ref idref="fl-40"/>
      </object_component>
      <object_component id="oc-34">
         <name>.text:decompress:lzss:__TI_decompress_lzss</name>
         <load_address>0xdbbe</load_address>
         <run_address>0xdbbe</run_address>
         <size>0x7c</size>
         <input_file_ref idref="fl-3b"/>
      </object_component>
      <object_component id="oc-221">
         <name>.text:__mspabi_cvtfd</name>
         <load_address>0xdc3a</load_address>
         <run_address>0xdc3a</run_address>
         <size>0x70</size>
         <input_file_ref idref="fl-3e"/>
      </object_component>
      <object_component id="oc-253">
         <name>.text</name>
         <load_address>0xdcaa</load_address>
         <run_address>0xdcaa</run_address>
         <size>0x68</size>
         <input_file_ref idref="fl-24"/>
      </object_component>
      <object_component id="oc-2e6">
         <name>.text:l_lsr_const</name>
         <load_address>0xdd12</load_address>
         <run_address>0xdd12</run_address>
         <size>0x5c</size>
         <input_file_ref idref="fl-4e"/>
      </object_component>
      <object_component id="oc-ba">
         <name>.text</name>
         <load_address>0xdd6e</load_address>
         <run_address>0xdd6e</run_address>
         <size>0x4c</size>
         <input_file_ref idref="fl-4d"/>
      </object_component>
      <object_component id="oc-215">
         <name>.text</name>
         <load_address>0xddba</load_address>
         <run_address>0xddba</run_address>
         <size>0x4a</size>
         <input_file_ref idref="fl-21"/>
      </object_component>
      <object_component id="oc-1a6">
         <name>.text:__TI_auto_init_nobinit_nopinit:__TI_auto_init_nobinit_nopinit</name>
         <load_address>0xde04</load_address>
         <run_address>0xde04</run_address>
         <size>0x42</size>
         <input_file_ref idref="fl-34"/>
      </object_component>
      <object_component id="oc-305">
         <name>.text:l_asr_const</name>
         <load_address>0xde46</load_address>
         <run_address>0xde46</run_address>
         <size>0x3e</size>
         <input_file_ref idref="fl-4a"/>
      </object_component>
      <object_component id="oc-2e1">
         <name>.text:l_lsl_const</name>
         <load_address>0xde84</load_address>
         <run_address>0xde84</run_address>
         <size>0x3e</size>
         <input_file_ref idref="fl-4c"/>
      </object_component>
      <object_component id="oc-280">
         <name>.text:_Z14writeCharToLCDc</name>
         <load_address>0xdec2</load_address>
         <run_address>0xdec2</run_address>
         <size>0x3c</size>
         <input_file_ref idref="fl-2"/>
      </object_component>
      <object_component id="oc-25e">
         <name>.text:sprintf</name>
         <load_address>0xdefe</load_address>
         <run_address>0xdefe</run_address>
         <size>0x38</size>
         <input_file_ref idref="fl-1d"/>
      </object_component>
      <object_component id="oc-1dd">
         <name>.text:_Z7initLCDv</name>
         <load_address>0xdf36</load_address>
         <run_address>0xdf36</run_address>
         <size>0x34</size>
         <input_file_ref idref="fl-2"/>
      </object_component>
      <object_component id="oc-145">
         <name>.text:main</name>
         <load_address>0xdf6a</load_address>
         <run_address>0xdf6a</run_address>
         <size>0x34</size>
         <input_file_ref idref="fl-2"/>
      </object_component>
      <object_component id="oc-182">
         <name>.text:_ZN6Signal14determinePowerEv</name>
         <load_address>0xdf9e</load_address>
         <run_address>0xdf9e</run_address>
         <size>0x2e</size>
         <input_file_ref idref="fl-2"/>
      </object_component>
      <object_component id="oc-300">
         <name>.text</name>
         <load_address>0xdfcc</load_address>
         <run_address>0xdfcc</run_address>
         <size>0x2c</size>
         <input_file_ref idref="fl-49"/>
      </object_component>
      <object_component id="oc-258">
         <name>.text</name>
         <load_address>0xdff8</load_address>
         <run_address>0xdff8</run_address>
         <size>0x2c</size>
         <input_file_ref idref="fl-1e"/>
      </object_component>
      <object_component id="oc-b5">
         <name>.text</name>
         <load_address>0xe024</load_address>
         <run_address>0xe024</run_address>
         <size>0x2c</size>
         <input_file_ref idref="fl-4b"/>
      </object_component>
      <object_component id="oc-1e3">
         <name>.text:_Z8clearLCDv</name>
         <load_address>0xe050</load_address>
         <run_address>0xe050</run_address>
         <size>0x2a</size>
         <input_file_ref idref="fl-2"/>
      </object_component>
      <object_component id="oc-37f">
         <name>.text</name>
         <load_address>0xe07a</load_address>
         <run_address>0xe07a</run_address>
         <size>0x26</size>
         <input_file_ref idref="fl-50"/>
      </object_component>
      <object_component id="oc-2d5">
         <name>.text:_Z10writeToLCDhh</name>
         <load_address>0xe0a0</load_address>
         <run_address>0xe0a0</run_address>
         <size>0x22</size>
         <input_file_ref idref="fl-2"/>
      </object_component>
      <object_component id="oc-3ce">
         <name>.text:memccpy</name>
         <load_address>0xe0c2</load_address>
         <run_address>0xe0c2</run_address>
         <size>0x22</size>
         <input_file_ref idref="fl-54"/>
      </object_component>
      <object_component id="oc-1f3">
         <name>.text:_ZN6Signal10readSignalEv</name>
         <load_address>0xe0e4</load_address>
         <run_address>0xe0e4</run_address>
         <size>0x20</size>
         <input_file_ref idref="fl-2"/>
      </object_component>
      <object_component id="oc-f3">
         <name>.text:_c_int00_noargs</name>
         <load_address>0xe104</load_address>
         <run_address>0xe104</run_address>
         <size>0x1c</size>
         <input_file_ref idref="fl-33"/>
      </object_component>
      <object_component id="oc-274">
         <name>.text:_Z7setAddrhh</name>
         <load_address>0xe120</load_address>
         <run_address>0xe120</run_address>
         <size>0x1a</size>
         <input_file_ref idref="fl-2"/>
      </object_component>
      <object_component id="oc-327">
         <name>.text:_outs</name>
         <load_address>0xe13a</load_address>
         <run_address>0xe13a</run_address>
         <size>0x1a</size>
         <input_file_ref idref="fl-1d"/>
      </object_component>
      <object_component id="oc-233">
         <name>.text:_ZN6Signal10setCurrentEf</name>
         <load_address>0xe154</load_address>
         <run_address>0xe154</run_address>
         <size>0x18</size>
         <input_file_ref idref="fl-2"/>
      </object_component>
      <object_component id="oc-21a">
         <name>.text:_ZN6Signal10setVoltageEf</name>
         <load_address>0xe16c</load_address>
         <run_address>0xe16c</run_address>
         <size>0x18</size>
         <input_file_ref idref="fl-2"/>
      </object_component>
      <object_component id="oc-246">
         <name>.text:_ZN6Signal8setPowerEf</name>
         <load_address>0xe184</load_address>
         <run_address>0xe184</run_address>
         <size>0x18</size>
         <input_file_ref idref="fl-2"/>
      </object_component>
      <object_component id="oc-27a">
         <name>.text:_Z16writeStringToLCDPKc</name>
         <load_address>0xe19c</load_address>
         <run_address>0xe19c</run_address>
         <size>0x16</size>
         <input_file_ref idref="fl-2"/>
      </object_component>
      <object_component id="oc-1e9">
         <name>.text:_Z7delayMSj</name>
         <load_address>0xe1b2</load_address>
         <run_address>0xe1b2</run_address>
         <size>0x16</size>
         <input_file_ref idref="fl-2"/>
      </object_component>
      <object_component id="oc-321">
         <name>.text</name>
         <load_address>0xe1c8</load_address>
         <run_address>0xe1c8</run_address>
         <size>0x16</size>
         <input_file_ref idref="fl-1f"/>
      </object_component>
      <object_component id="oc-24d">
         <name>.text:memset</name>
         <load_address>0xe1de</load_address>
         <run_address>0xe1de</run_address>
         <size>0x14</size>
         <input_file_ref idref="fl-47"/>
      </object_component>
      <object_component id="oc-369">
         <name>.text</name>
         <load_address>0xe1f2</load_address>
         <run_address>0xe1f2</run_address>
         <size>0x14</size>
         <input_file_ref idref="fl-4f"/>
      </object_component>
      <object_component id="oc-32d">
         <name>.text:_outc</name>
         <load_address>0xe206</load_address>
         <run_address>0xe206</run_address>
         <size>0x12</size>
         <input_file_ref idref="fl-1d"/>
      </object_component>
      <object_component id="oc-3a">
         <name>.text:decompress:none:__TI_decompress_none</name>
         <load_address>0xe218</load_address>
         <run_address>0xe218</run_address>
         <size>0x12</size>
         <input_file_ref idref="fl-3a"/>
      </object_component>
      <object_component id="oc-cf">
         <name>.text:memcpy</name>
         <load_address>0xe22a</load_address>
         <run_address>0xe22a</run_address>
         <size>0x12</size>
         <input_file_ref idref="fl-46"/>
      </object_component>
      <object_component id="oc-bf">
         <name>.text</name>
         <load_address>0xe23c</load_address>
         <run_address>0xe23c</run_address>
         <size>0x10</size>
         <input_file_ref idref="fl-20"/>
      </object_component>
      <object_component id="oc-397">
         <name>.text:strlen</name>
         <load_address>0xe24c</load_address>
         <run_address>0xe24c</run_address>
         <size>0xe</size>
         <input_file_ref idref="fl-55"/>
      </object_component>
      <object_component id="oc-240">
         <name>.text:_ZN6Signal10getCurrentEv</name>
         <load_address>0xe25a</load_address>
         <run_address>0xe25a</run_address>
         <size>0xc</size>
         <input_file_ref idref="fl-2"/>
      </object_component>
      <object_component id="oc-26a">
         <name>.text:_ZN6Signal8getPowerEv</name>
         <load_address>0xe266</load_address>
         <run_address>0xe266</run_address>
         <size>0xc</size>
         <input_file_ref idref="fl-2"/>
      </object_component>
      <object_component id="oc-23a">
         <name>.text:_ZN6Signal10getVoltageEv</name>
         <load_address>0xe272</load_address>
         <run_address>0xe272</run_address>
         <size>0xa</size>
         <input_file_ref idref="fl-2"/>
      </object_component>
      <object_component id="oc-dc">
         <name>.text:_isr:__TI_ISR_TRAP</name>
         <load_address>0xe27c</load_address>
         <run_address>0xe27c</run_address>
         <size>0x8</size>
         <input_file_ref idref="fl-32"/>
      </object_component>
      <object_component id="oc-19a">
         <name>.text:abort</name>
         <load_address>0xe284</load_address>
         <run_address>0xe284</run_address>
         <size>0x6</size>
         <input_file_ref idref="fl-43"/>
      </object_component>
      <object_component id="oc-13f">
         <name>.text:_system_pre_init</name>
         <load_address>0xe28a</load_address>
         <run_address>0xe28a</run_address>
         <size>0x4</size>
         <input_file_ref idref="fl-38"/>
      </object_component>
      <object_component id="oc-299">
         <name>.text:_system_post_cinit</name>
         <load_address>0xe28e</load_address>
         <run_address>0xe28e</run_address>
         <size>0x2</size>
         <input_file_ref idref="fl-39"/>
      </object_component>
      <object_component id="oc-42e">
         <name>.cinit..data.load</name>
         <load_address>0xe4b2</load_address>
         <run_address>0xe4b2</run_address>
         <size>0x8</size>
      </object_component>
      <object_component id="oc-42c">
         <name>__TI_handler_table</name>
         <load_address>0xe4ba</load_address>
         <run_address>0xe4ba</run_address>
         <size>0x4</size>
      </object_component>
      <object_component id="oc-42d">
         <name>__TI_cinit_table</name>
         <load_address>0xe4be</load_address>
         <run_address>0xe4be</run_address>
         <size>0x4</size>
      </object_component>
      <object_component id="oc-344">
         <name>.const:font</name>
         <load_address>0xe290</load_address>
         <run_address>0xe290</run_address>
         <size>0x1e0</size>
         <input_file_ref idref="fl-2"/>
      </object_component>
      <object_component id="oc-25d">
         <name>.const:.string</name>
         <load_address>0xe470</load_address>
         <run_address>0xe470</run_address>
         <size>0x22</size>
         <input_file_ref idref="fl-2"/>
      </object_component>
      <object_component id="oc-3c7">
         <name>.const:.string</name>
         <load_address>0xe492</load_address>
         <run_address>0xe492</run_address>
         <size>0x14</size>
         <input_file_ref idref="fl-48"/>
      </object_component>
      <object_component id="oc-16d">
         <name>.const:$P$T0$1</name>
         <load_address>0xe4a6</load_address>
         <run_address>0xe4a6</run_address>
         <size>0xc</size>
         <input_file_ref idref="fl-2"/>
      </object_component>
      <object_component id="oc-3ee">
         <name>.binit</name>
         <load_address>0xc000</load_address>
         <run_address>0xc000</run_address>
         <size>0x0</size>
      </object_component>
      <object_component id="oc-40">
         <name>.int00</name>
         <load_address>0xffe0</load_address>
         <run_address>0xffe0</run_address>
         <size>0x2</size>
         <input_file_ref idref="fl-25"/>
      </object_component>
      <object_component id="oc-41">
         <name>.int02</name>
         <load_address>0xffe4</load_address>
         <run_address>0xffe4</run_address>
         <size>0x2</size>
         <input_file_ref idref="fl-26"/>
      </object_component>
      <object_component id="oc-42">
         <name>.int03</name>
         <load_address>0xffe6</load_address>
         <run_address>0xffe6</run_address>
         <size>0x2</size>
         <input_file_ref idref="fl-27"/>
      </object_component>
      <object_component id="oc-43">
         <name>.int05</name>
         <load_address>0xffea</load_address>
         <run_address>0xffea</run_address>
         <size>0x2</size>
         <input_file_ref idref="fl-28"/>
      </object_component>
      <object_component id="oc-44">
         <name>.int06</name>
         <load_address>0xffec</load_address>
         <run_address>0xffec</run_address>
         <size>0x2</size>
         <input_file_ref idref="fl-29"/>
      </object_component>
      <object_component id="oc-45">
         <name>.int07</name>
         <load_address>0xffee</load_address>
         <run_address>0xffee</run_address>
         <size>0x2</size>
         <input_file_ref idref="fl-2a"/>
      </object_component>
      <object_component id="oc-46">
         <name>.int08</name>
         <load_address>0xfff0</load_address>
         <run_address>0xfff0</run_address>
         <size>0x2</size>
         <input_file_ref idref="fl-2b"/>
      </object_component>
      <object_component id="oc-47">
         <name>.int09</name>
         <load_address>0xfff2</load_address>
         <run_address>0xfff2</run_address>
         <size>0x2</size>
         <input_file_ref idref="fl-2c"/>
      </object_component>
      <object_component id="oc-48">
         <name>.int10</name>
         <load_address>0xfff4</load_address>
         <run_address>0xfff4</run_address>
         <size>0x2</size>
         <input_file_ref idref="fl-2d"/>
      </object_component>
      <object_component id="oc-49">
         <name>.int11</name>
         <load_address>0xfff6</load_address>
         <run_address>0xfff6</run_address>
         <size>0x2</size>
         <input_file_ref idref="fl-2e"/>
      </object_component>
      <object_component id="oc-4a">
         <name>.int12</name>
         <load_address>0xfff8</load_address>
         <run_address>0xfff8</run_address>
         <size>0x2</size>
         <input_file_ref idref="fl-2f"/>
      </object_component>
      <object_component id="oc-4b">
         <name>.int13</name>
         <load_address>0xfffa</load_address>
         <run_address>0xfffa</run_address>
         <size>0x2</size>
         <input_file_ref idref="fl-30"/>
      </object_component>
      <object_component id="oc-4c">
         <name>.int14</name>
         <load_address>0xfffc</load_address>
         <run_address>0xfffc</run_address>
         <size>0x2</size>
         <input_file_ref idref="fl-31"/>
      </object_component>
      <object_component id="oc-b4">
         <name>.reset</name>
         <load_address>0xfffe</load_address>
         <run_address>0xfffe</run_address>
         <size>0x2</size>
         <input_file_ref idref="fl-33"/>
      </object_component>
      <object_component id="oc-1db">
         <name>.debug_info</name>
         <load_address>0x0</load_address>
         <run_address>0x0</run_address>
         <size>0x12de</size>
         <input_file_ref idref="fl-2"/>
      </object_component>
      <object_component id="oc-345">
         <name>.debug_info</name>
         <load_address>0x12de</load_address>
         <run_address>0x12de</run_address>
         <size>0xe7</size>
         <input_file_ref idref="fl-2"/>
      </object_component>
      <object_component id="oc-1f0">
         <name>.debug_info</name>
         <load_address>0x13c5</load_address>
         <run_address>0x13c5</run_address>
         <size>0xf6</size>
         <input_file_ref idref="fl-2"/>
      </object_component>
      <object_component id="oc-265">
         <name>.debug_info</name>
         <load_address>0x14bb</load_address>
         <run_address>0x14bb</run_address>
         <size>0xfa</size>
         <input_file_ref idref="fl-2"/>
      </object_component>
      <object_component id="oc-268">
         <name>.debug_info</name>
         <load_address>0x15b5</load_address>
         <run_address>0x15b5</run_address>
         <size>0xfa</size>
         <input_file_ref idref="fl-2"/>
      </object_component>
      <object_component id="oc-271">
         <name>.debug_info</name>
         <load_address>0x16af</load_address>
         <run_address>0x16af</run_address>
         <size>0xf6</size>
         <input_file_ref idref="fl-2"/>
      </object_component>
      <object_component id="oc-16e">
         <name>.debug_info</name>
         <load_address>0x17a5</load_address>
         <run_address>0x17a5</run_address>
         <size>0xee</size>
         <input_file_ref idref="fl-2"/>
      </object_component>
      <object_component id="oc-2d7">
         <name>.debug_info</name>
         <load_address>0x1893</load_address>
         <run_address>0x1893</run_address>
         <size>0x20a</size>
         <input_file_ref idref="fl-2"/>
      </object_component>
      <object_component id="oc-1df">
         <name>.debug_info</name>
         <load_address>0x1a9d</load_address>
         <run_address>0x1a9d</run_address>
         <size>0x22f</size>
         <input_file_ref idref="fl-2"/>
      </object_component>
      <object_component id="oc-276">
         <name>.debug_info</name>
         <load_address>0x1ccc</load_address>
         <run_address>0x1ccc</run_address>
         <size>0x220</size>
         <input_file_ref idref="fl-2"/>
      </object_component>
      <object_component id="oc-1e4">
         <name>.debug_info</name>
         <load_address>0x1eec</load_address>
         <run_address>0x1eec</run_address>
         <size>0x1ec</size>
         <input_file_ref idref="fl-2"/>
      </object_component>
      <object_component id="oc-1ea">
         <name>.debug_info</name>
         <load_address>0x20d8</load_address>
         <run_address>0x20d8</run_address>
         <size>0x149</size>
         <input_file_ref idref="fl-2"/>
      </object_component>
      <object_component id="oc-171">
         <name>.debug_info</name>
         <load_address>0x2221</load_address>
         <run_address>0x2221</run_address>
         <size>0x19c</size>
         <input_file_ref idref="fl-2"/>
      </object_component>
      <object_component id="oc-1f4">
         <name>.debug_info</name>
         <load_address>0x23bd</load_address>
         <run_address>0x23bd</run_address>
         <size>0x152</size>
         <input_file_ref idref="fl-2"/>
      </object_component>
      <object_component id="oc-21b">
         <name>.debug_info</name>
         <load_address>0x250f</load_address>
         <run_address>0x250f</run_address>
         <size>0x180</size>
         <input_file_ref idref="fl-2"/>
      </object_component>
      <object_component id="oc-177">
         <name>.debug_info</name>
         <load_address>0x268f</load_address>
         <run_address>0x268f</run_address>
         <size>0x2b9</size>
         <input_file_ref idref="fl-2"/>
      </object_component>
      <object_component id="oc-234">
         <name>.debug_info</name>
         <load_address>0x2948</load_address>
         <run_address>0x2948</run_address>
         <size>0x180</size>
         <input_file_ref idref="fl-2"/>
      </object_component>
      <object_component id="oc-17d">
         <name>.debug_info</name>
         <load_address>0x2ac8</load_address>
         <run_address>0x2ac8</run_address>
         <size>0x304</size>
         <input_file_ref idref="fl-2"/>
      </object_component>
      <object_component id="oc-247">
         <name>.debug_info</name>
         <load_address>0x2dcc</load_address>
         <run_address>0x2dcc</run_address>
         <size>0x173</size>
         <input_file_ref idref="fl-2"/>
      </object_component>
      <object_component id="oc-241">
         <name>.debug_info</name>
         <load_address>0x2f3f</load_address>
         <run_address>0x2f3f</run_address>
         <size>0x151</size>
         <input_file_ref idref="fl-2"/>
      </object_component>
      <object_component id="oc-23b">
         <name>.debug_info</name>
         <load_address>0x3090</load_address>
         <run_address>0x3090</run_address>
         <size>0x151</size>
         <input_file_ref idref="fl-2"/>
      </object_component>
      <object_component id="oc-183">
         <name>.debug_info</name>
         <load_address>0x31e1</load_address>
         <run_address>0x31e1</run_address>
         <size>0x1c7</size>
         <input_file_ref idref="fl-2"/>
      </object_component>
      <object_component id="oc-26b">
         <name>.debug_info</name>
         <load_address>0x33a8</load_address>
         <run_address>0x33a8</run_address>
         <size>0x14c</size>
         <input_file_ref idref="fl-2"/>
      </object_component>
      <object_component id="oc-189">
         <name>.debug_info</name>
         <load_address>0x34f4</load_address>
         <run_address>0x34f4</run_address>
         <size>0xe2a</size>
         <input_file_ref idref="fl-2"/>
      </object_component>
      <object_component id="oc-281">
         <name>.debug_info</name>
         <load_address>0x431e</load_address>
         <run_address>0x431e</run_address>
         <size>0x200</size>
         <input_file_ref idref="fl-2"/>
      </object_component>
      <object_component id="oc-27b">
         <name>.debug_info</name>
         <load_address>0x451e</load_address>
         <run_address>0x451e</run_address>
         <size>0x1fb</size>
         <input_file_ref idref="fl-2"/>
      </object_component>
      <object_component id="oc-18f">
         <name>.debug_info</name>
         <load_address>0x4719</load_address>
         <run_address>0x4719</run_address>
         <size>0x362</size>
         <input_file_ref idref="fl-2"/>
      </object_component>
      <object_component id="oc-146">
         <name>.debug_info</name>
         <load_address>0x4a7b</load_address>
         <run_address>0x4a7b</run_address>
         <size>0x204</size>
         <input_file_ref idref="fl-2"/>
      </object_component>
      <object_component id="oc-195">
         <name>.debug_info</name>
         <load_address>0x4c7f</load_address>
         <run_address>0x4c7f</run_address>
         <size>0x17e</size>
         <input_file_ref idref="fl-2"/>
      </object_component>
      <object_component id="oc-2bc">
         <name>.debug_info</name>
         <load_address>0x4dfd</load_address>
         <run_address>0x4dfd</run_address>
         <size>0x151c</size>
         <input_file_ref idref="fl-2"/>
      </object_component>
      <object_component id="oc-ca">
         <name>.debug_info</name>
         <load_address>0x6319</load_address>
         <run_address>0x6319</run_address>
         <size>0x84</size>
         <input_file_ref idref="fl-2"/>
      </object_component>
      <object_component id="oc-2c1">
         <name>.debug_info</name>
         <load_address>0x639d</load_address>
         <run_address>0x639d</run_address>
         <size>0xa0a</size>
         <input_file_ref idref="fl-2"/>
      </object_component>
      <object_component id="oc-375">
         <name>.debug_info</name>
         <load_address>0x6da7</load_address>
         <run_address>0x6da7</run_address>
         <size>0x282</size>
         <input_file_ref idref="fl-2"/>
      </object_component>
      <object_component id="oc-2cb">
         <name>.debug_info</name>
         <load_address>0x7029</load_address>
         <run_address>0x7029</run_address>
         <size>0x2a1</size>
         <input_file_ref idref="fl-2"/>
      </object_component>
      <object_component id="oc-2c6">
         <name>.debug_info</name>
         <load_address>0x72ca</load_address>
         <run_address>0x72ca</run_address>
         <size>0x2c</size>
         <input_file_ref idref="fl-2"/>
      </object_component>
      <object_component id="oc-2d0">
         <name>.debug_info</name>
         <load_address>0x72f6</load_address>
         <run_address>0x72f6</run_address>
         <size>0xf1</size>
         <input_file_ref idref="fl-2"/>
      </object_component>
      <object_component id="oc-33a">
         <name>.debug_info</name>
         <load_address>0x73e7</load_address>
         <run_address>0x73e7</run_address>
         <size>0x20b</size>
         <input_file_ref idref="fl-1d"/>
      </object_component>
      <object_component id="oc-260">
         <name>.debug_info</name>
         <load_address>0x75f2</load_address>
         <run_address>0x75f2</run_address>
         <size>0x1c2</size>
         <input_file_ref idref="fl-1d"/>
      </object_component>
      <object_component id="oc-329">
         <name>.debug_info</name>
         <load_address>0x77b4</load_address>
         <run_address>0x77b4</run_address>
         <size>0x198</size>
         <input_file_ref idref="fl-1d"/>
      </object_component>
      <object_component id="oc-331">
         <name>.debug_info</name>
         <load_address>0x794c</load_address>
         <run_address>0x794c</run_address>
         <size>0x16d</size>
         <input_file_ref idref="fl-1d"/>
      </object_component>
      <object_component id="oc-3d7">
         <name>.debug_info</name>
         <load_address>0x7ab9</load_address>
         <run_address>0x7ab9</run_address>
         <size>0x2c</size>
         <input_file_ref idref="fl-1d"/>
      </object_component>
      <object_component id="oc-3dc">
         <name>.debug_info</name>
         <load_address>0x7ae5</load_address>
         <run_address>0x7ae5</run_address>
         <size>0x2c</size>
         <input_file_ref idref="fl-1d"/>
      </object_component>
      <object_component id="oc-3a5">
         <name>.debug_info</name>
         <load_address>0x7b11</load_address>
         <run_address>0x7b11</run_address>
         <size>0x2c</size>
         <input_file_ref idref="fl-1d"/>
      </object_component>
      <object_component id="oc-259">
         <name>.debug_info</name>
         <load_address>0x7b3d</load_address>
         <run_address>0x7b3d</run_address>
         <size>0x135</size>
         <input_file_ref idref="fl-1e"/>
      </object_component>
      <object_component id="oc-324">
         <name>.debug_info</name>
         <load_address>0x7c72</load_address>
         <run_address>0x7c72</run_address>
         <size>0x121</size>
         <input_file_ref idref="fl-1f"/>
      </object_component>
      <object_component id="oc-c1">
         <name>.debug_info</name>
         <load_address>0x7d93</load_address>
         <run_address>0x7d93</run_address>
         <size>0x12e</size>
         <input_file_ref idref="fl-20"/>
      </object_component>
      <object_component id="oc-217">
         <name>.debug_info</name>
         <load_address>0x7ec1</load_address>
         <run_address>0x7ec1</run_address>
         <size>0x12d</size>
         <input_file_ref idref="fl-21"/>
      </object_component>
      <object_component id="oc-211">
         <name>.debug_info</name>
         <load_address>0x7fee</load_address>
         <run_address>0x7fee</run_address>
         <size>0x121</size>
         <input_file_ref idref="fl-22"/>
      </object_component>
      <object_component id="oc-20e">
         <name>.debug_info</name>
         <load_address>0x810f</load_address>
         <run_address>0x810f</run_address>
         <size>0x121</size>
         <input_file_ref idref="fl-23"/>
      </object_component>
      <object_component id="oc-254">
         <name>.debug_info</name>
         <load_address>0x8230</load_address>
         <run_address>0x8230</run_address>
         <size>0x135</size>
         <input_file_ref idref="fl-24"/>
      </object_component>
      <object_component id="oc-dd">
         <name>.debug_info</name>
         <load_address>0x8365</load_address>
         <run_address>0x8365</run_address>
         <size>0x10f</size>
         <input_file_ref idref="fl-32"/>
      </object_component>
      <object_component id="oc-b2">
         <name>.debug_info</name>
         <load_address>0x8474</load_address>
         <run_address>0x8474</run_address>
         <size>0x100</size>
         <input_file_ref idref="fl-33"/>
      </object_component>
      <object_component id="oc-f5">
         <name>.debug_info</name>
         <load_address>0x8574</load_address>
         <run_address>0x8574</run_address>
         <size>0x17a</size>
         <input_file_ref idref="fl-33"/>
      </object_component>
      <object_component id="oc-2a0">
         <name>.debug_info</name>
         <load_address>0x86ee</load_address>
         <run_address>0x86ee</run_address>
         <size>0x3de</size>
         <input_file_ref idref="fl-34"/>
      </object_component>
      <object_component id="oc-1a8">
         <name>.debug_info</name>
         <load_address>0x8acc</load_address>
         <run_address>0x8acc</run_address>
         <size>0x1e0</size>
         <input_file_ref idref="fl-34"/>
      </object_component>
      <object_component id="oc-35f">
         <name>.debug_info</name>
         <load_address>0x8cac</load_address>
         <run_address>0x8cac</run_address>
         <size>0x39</size>
         <input_file_ref idref="fl-34"/>
      </object_component>
      <object_component id="oc-370">
         <name>.debug_info</name>
         <load_address>0x8ce5</load_address>
         <run_address>0x8ce5</run_address>
         <size>0x2c</size>
         <input_file_ref idref="fl-34"/>
      </object_component>
      <object_component id="oc-2ab">
         <name>.debug_info</name>
         <load_address>0x8d11</load_address>
         <run_address>0x8d11</run_address>
         <size>0x2c</size>
         <input_file_ref idref="fl-34"/>
      </object_component>
      <object_component id="oc-364">
         <name>.debug_info</name>
         <load_address>0x8d3d</load_address>
         <run_address>0x8d3d</run_address>
         <size>0xcd</size>
         <input_file_ref idref="fl-34"/>
      </object_component>
      <object_component id="oc-12a">
         <name>.debug_info</name>
         <load_address>0x8e0a</load_address>
         <run_address>0x8e0a</run_address>
         <size>0x2c</size>
         <input_file_ref idref="fl-35"/>
      </object_component>
      <object_component id="oc-141">
         <name>.debug_info</name>
         <load_address>0x8e36</load_address>
         <run_address>0x8e36</run_address>
         <size>0x153</size>
         <input_file_ref idref="fl-38"/>
      </object_component>
      <object_component id="oc-29a">
         <name>.debug_info</name>
         <load_address>0x8f89</load_address>
         <run_address>0x8f89</run_address>
         <size>0x150</size>
         <input_file_ref idref="fl-39"/>
      </object_component>
      <object_component id="oc-db">
         <name>.debug_info</name>
         <load_address>0x90d9</load_address>
         <run_address>0x90d9</run_address>
         <size>0x180</size>
         <input_file_ref idref="fl-3a"/>
      </object_component>
      <object_component id="oc-3b">
         <name>.debug_info</name>
         <load_address>0x9259</load_address>
         <run_address>0x9259</run_address>
         <size>0x1ea</size>
         <input_file_ref idref="fl-3a"/>
      </object_component>
      <object_component id="oc-d6">
         <name>.debug_info</name>
         <load_address>0x9443</load_address>
         <run_address>0x9443</run_address>
         <size>0x46</size>
         <input_file_ref idref="fl-3a"/>
      </object_component>
      <object_component id="oc-12f">
         <name>.debug_info</name>
         <load_address>0x9489</load_address>
         <run_address>0x9489</run_address>
         <size>0x2c</size>
         <input_file_ref idref="fl-3a"/>
      </object_component>
      <object_component id="oc-127">
         <name>.debug_info</name>
         <load_address>0x94b5</load_address>
         <run_address>0x94b5</run_address>
         <size>0x176</size>
         <input_file_ref idref="fl-3b"/>
      </object_component>
      <object_component id="oc-37">
         <name>.debug_info</name>
         <load_address>0x962b</load_address>
         <run_address>0x962b</run_address>
         <size>0x292</size>
         <input_file_ref idref="fl-3b"/>
      </object_component>
      <object_component id="oc-c5">
         <name>.debug_info</name>
         <load_address>0x98bd</load_address>
         <run_address>0x98bd</run_address>
         <size>0x60</size>
         <input_file_ref idref="fl-3b"/>
      </object_component>
      <object_component id="oc-161">
         <name>.debug_info</name>
         <load_address>0x991d</load_address>
         <run_address>0x991d</run_address>
         <size>0x46</size>
         <input_file_ref idref="fl-3b"/>
      </object_component>
      <object_component id="oc-122">
         <name>.debug_info</name>
         <load_address>0x9963</load_address>
         <run_address>0x9963</run_address>
         <size>0x39</size>
         <input_file_ref idref="fl-3b"/>
      </object_component>
      <object_component id="oc-2fb">
         <name>.debug_info</name>
         <load_address>0x999c</load_address>
         <run_address>0x999c</run_address>
         <size>0x165</size>
         <input_file_ref idref="fl-3c"/>
      </object_component>
      <object_component id="oc-207">
         <name>.debug_info</name>
         <load_address>0x9b01</load_address>
         <run_address>0x9b01</run_address>
         <size>0x1d8</size>
         <input_file_ref idref="fl-3c"/>
      </object_component>
      <object_component id="oc-30c">
         <name>.debug_info</name>
         <load_address>0x9cd9</load_address>
         <run_address>0x9cd9</run_address>
         <size>0xdb</size>
         <input_file_ref idref="fl-3c"/>
      </object_component>
      <object_component id="oc-230">
         <name>.debug_info</name>
         <load_address>0x9db4</load_address>
         <run_address>0x9db4</run_address>
         <size>0x1af</size>
         <input_file_ref idref="fl-3d"/>
      </object_component>
      <object_component id="oc-2f4">
         <name>.debug_info</name>
         <load_address>0x9f63</load_address>
         <run_address>0x9f63</run_address>
         <size>0x94</size>
         <input_file_ref idref="fl-3d"/>
      </object_component>
      <object_component id="oc-30b">
         <name>.debug_info</name>
         <load_address>0x9ff7</load_address>
         <run_address>0x9ff7</run_address>
         <size>0x165</size>
         <input_file_ref idref="fl-3e"/>
      </object_component>
      <object_component id="oc-222">
         <name>.debug_info</name>
         <load_address>0xa15c</load_address>
         <run_address>0xa15c</run_address>
         <size>0x1d4</size>
         <input_file_ref idref="fl-3e"/>
      </object_component>
      <object_component id="oc-2f9">
         <name>.debug_info</name>
         <load_address>0xa330</load_address>
         <run_address>0xa330</run_address>
         <size>0x1a2</size>
         <input_file_ref idref="fl-3f"/>
      </object_component>
      <object_component id="oc-202">
         <name>.debug_info</name>
         <load_address>0xa4d2</load_address>
         <run_address>0xa4d2</run_address>
         <size>0x28a</size>
         <input_file_ref idref="fl-3f"/>
      </object_component>
      <object_component id="oc-2ec">
         <name>.debug_info</name>
         <load_address>0xa75c</load_address>
         <run_address>0xa75c</run_address>
         <size>0x16b</size>
         <input_file_ref idref="fl-40"/>
      </object_component>
      <object_component id="oc-1fc">
         <name>.debug_info</name>
         <load_address>0xa8c7</load_address>
         <run_address>0xa8c7</run_address>
         <size>0x1e3</size>
         <input_file_ref idref="fl-40"/>
      </object_component>
      <object_component id="oc-385">
         <name>.debug_info</name>
         <load_address>0xaaaa</load_address>
         <run_address>0xaaaa</run_address>
         <size>0x172</size>
         <input_file_ref idref="fl-41"/>
      </object_component>
      <object_component id="oc-2ee">
         <name>.debug_info</name>
         <load_address>0xac1c</load_address>
         <run_address>0xac1c</run_address>
         <size>0x5cf</size>
         <input_file_ref idref="fl-41"/>
      </object_component>
      <object_component id="oc-318">
         <name>.debug_info</name>
         <load_address>0xb1eb</load_address>
         <run_address>0xb1eb</run_address>
         <size>0x1a2</size>
         <input_file_ref idref="fl-42"/>
      </object_component>
      <object_component id="oc-228">
         <name>.debug_info</name>
         <load_address>0xb38d</load_address>
         <run_address>0xb38d</run_address>
         <size>0x2e0</size>
         <input_file_ref idref="fl-42"/>
      </object_component>
      <object_component id="oc-19d">
         <name>.debug_info</name>
         <load_address>0xb66d</load_address>
         <run_address>0xb66d</run_address>
         <size>0x122</size>
         <input_file_ref idref="fl-43"/>
      </object_component>
      <object_component id="oc-129">
         <name>.debug_info</name>
         <load_address>0xb78f</load_address>
         <run_address>0xb78f</run_address>
         <size>0x181</size>
         <input_file_ref idref="fl-46"/>
      </object_component>
      <object_component id="oc-d0">
         <name>.debug_info</name>
         <load_address>0xb910</load_address>
         <run_address>0xb910</run_address>
         <size>0x17a</size>
         <input_file_ref idref="fl-46"/>
      </object_component>
      <object_component id="oc-31f">
         <name>.debug_info</name>
         <load_address>0xba8a</load_address>
         <run_address>0xba8a</run_address>
         <size>0x16d</size>
         <input_file_ref idref="fl-47"/>
      </object_component>
      <object_component id="oc-24f">
         <name>.debug_info</name>
         <load_address>0xbbf7</load_address>
         <run_address>0xbbf7</run_address>
         <size>0x275</size>
         <input_file_ref idref="fl-47"/>
      </object_component>
      <object_component id="oc-3a4">
         <name>.debug_info</name>
         <load_address>0xbe6c</load_address>
         <run_address>0xbe6c</run_address>
         <size>0x2e2</size>
         <input_file_ref idref="fl-48"/>
      </object_component>
      <object_component id="oc-3c9">
         <name>.debug_info</name>
         <load_address>0xc14e</load_address>
         <run_address>0xc14e</run_address>
         <size>0x2c7</size>
         <input_file_ref idref="fl-48"/>
      </object_component>
      <object_component id="oc-39e">
         <name>.debug_info</name>
         <load_address>0xc415</load_address>
         <run_address>0xc415</run_address>
         <size>0x28f</size>
         <input_file_ref idref="fl-48"/>
      </object_component>
      <object_component id="oc-334">
         <name>.debug_info</name>
         <load_address>0xc6a4</load_address>
         <run_address>0xc6a4</run_address>
         <size>0x316</size>
         <input_file_ref idref="fl-48"/>
      </object_component>
      <object_component id="oc-3aa">
         <name>.debug_info</name>
         <load_address>0xc9ba</load_address>
         <run_address>0xc9ba</run_address>
         <size>0x86</size>
         <input_file_ref idref="fl-48"/>
      </object_component>
      <object_component id="oc-3e4">
         <name>.debug_info</name>
         <load_address>0xca40</load_address>
         <run_address>0xca40</run_address>
         <size>0x39</size>
         <input_file_ref idref="fl-48"/>
      </object_component>
      <object_component id="oc-301">
         <name>.debug_info</name>
         <load_address>0xca79</load_address>
         <run_address>0xca79</run_address>
         <size>0x120</size>
         <input_file_ref idref="fl-49"/>
      </object_component>
      <object_component id="oc-306">
         <name>.debug_info</name>
         <load_address>0xcb99</load_address>
         <run_address>0xcb99</run_address>
         <size>0x126</size>
         <input_file_ref idref="fl-4a"/>
      </object_component>
      <object_component id="oc-b6">
         <name>.debug_info</name>
         <load_address>0xccbf</load_address>
         <run_address>0xccbf</run_address>
         <size>0x120</size>
         <input_file_ref idref="fl-4b"/>
      </object_component>
      <object_component id="oc-2e2">
         <name>.debug_info</name>
         <load_address>0xcddf</load_address>
         <run_address>0xcddf</run_address>
         <size>0x126</size>
         <input_file_ref idref="fl-4c"/>
      </object_component>
      <object_component id="oc-bc">
         <name>.debug_info</name>
         <load_address>0xcf05</load_address>
         <run_address>0xcf05</run_address>
         <size>0x120</size>
         <input_file_ref idref="fl-4d"/>
      </object_component>
      <object_component id="oc-2e7">
         <name>.debug_info</name>
         <load_address>0xd025</load_address>
         <run_address>0xd025</run_address>
         <size>0x126</size>
         <input_file_ref idref="fl-4e"/>
      </object_component>
      <object_component id="oc-36c">
         <name>.debug_info</name>
         <load_address>0xd14b</load_address>
         <run_address>0xd14b</run_address>
         <size>0x121</size>
         <input_file_ref idref="fl-4f"/>
      </object_component>
      <object_component id="oc-381">
         <name>.debug_info</name>
         <load_address>0xd26c</load_address>
         <run_address>0xd26c</run_address>
         <size>0x121</size>
         <input_file_ref idref="fl-50"/>
      </object_component>
      <object_component id="oc-38f">
         <name>.debug_info</name>
         <load_address>0xd38d</load_address>
         <run_address>0xd38d</run_address>
         <size>0x172</size>
         <input_file_ref idref="fl-53"/>
      </object_component>
      <object_component id="oc-315">
         <name>.debug_info</name>
         <load_address>0xd4ff</load_address>
         <run_address>0xd4ff</run_address>
         <size>0x3ab</size>
         <input_file_ref idref="fl-53"/>
      </object_component>
      <object_component id="oc-3ea">
         <name>.debug_info</name>
         <load_address>0xd8aa</load_address>
         <run_address>0xd8aa</run_address>
         <size>0x17f</size>
         <input_file_ref idref="fl-54"/>
      </object_component>
      <object_component id="oc-3d0">
         <name>.debug_info</name>
         <load_address>0xda29</load_address>
         <run_address>0xda29</run_address>
         <size>0x1b8</size>
         <input_file_ref idref="fl-54"/>
      </object_component>
      <object_component id="oc-3c6">
         <name>.debug_info</name>
         <load_address>0xdbe1</load_address>
         <run_address>0xdbe1</run_address>
         <size>0x162</size>
         <input_file_ref idref="fl-55"/>
      </object_component>
      <object_component id="oc-399">
         <name>.debug_info</name>
         <load_address>0xdd43</load_address>
         <run_address>0xdd43</run_address>
         <size>0x230</size>
         <input_file_ref idref="fl-55"/>
      </object_component>
      <object_component id="oc-430">
         <name>.debug_info</name>
         <load_address>0xdf73</load_address>
         <run_address>0xdf73</run_address>
         <size>0xbd</size>
      </object_component>
      <object_component id="oc-2bb">
         <name>.debug_line</name>
         <load_address>0x0</load_address>
         <run_address>0x0</run_address>
         <size>0xa8</size>
         <input_file_ref idref="fl-2"/>
      </object_component>
      <object_component id="oc-3b2">
         <name>.debug_line</name>
         <load_address>0xa8</load_address>
         <run_address>0xa8</run_address>
         <size>0x70</size>
         <input_file_ref idref="fl-2"/>
      </object_component>
      <object_component id="oc-2df">
         <name>.debug_line</name>
         <load_address>0x118</load_address>
         <run_address>0x118</run_address>
         <size>0x2f</size>
         <input_file_ref idref="fl-2"/>
      </object_component>
      <object_component id="oc-33c">
         <name>.debug_line</name>
         <load_address>0x147</load_address>
         <run_address>0x147</run_address>
         <size>0x2f</size>
         <input_file_ref idref="fl-2"/>
      </object_component>
      <object_component id="oc-33e">
         <name>.debug_line</name>
         <load_address>0x176</load_address>
         <run_address>0x176</run_address>
         <size>0x2f</size>
         <input_file_ref idref="fl-2"/>
      </object_component>
      <object_component id="oc-341">
         <name>.debug_line</name>
         <load_address>0x1a5</load_address>
         <run_address>0x1a5</run_address>
         <size>0x2f</size>
         <input_file_ref idref="fl-2"/>
      </object_component>
      <object_component id="oc-1da">
         <name>.debug_line</name>
         <load_address>0x1d4</load_address>
         <run_address>0x1d4</run_address>
         <size>0x2f</size>
         <input_file_ref idref="fl-2"/>
      </object_component>
      <object_component id="oc-2d6">
         <name>.debug_line</name>
         <load_address>0x203</load_address>
         <run_address>0x203</run_address>
         <size>0x8e</size>
         <input_file_ref idref="fl-2"/>
      </object_component>
      <object_component id="oc-1de">
         <name>.debug_line</name>
         <load_address>0x291</load_address>
         <run_address>0x291</run_address>
         <size>0x89</size>
         <input_file_ref idref="fl-2"/>
      </object_component>
      <object_component id="oc-275">
         <name>.debug_line</name>
         <load_address>0x31a</load_address>
         <run_address>0x31a</run_address>
         <size>0x85</size>
         <input_file_ref idref="fl-2"/>
      </object_component>
      <object_component id="oc-1e7">
         <name>.debug_line</name>
         <load_address>0x39f</load_address>
         <run_address>0x39f</run_address>
         <size>0x8c</size>
         <input_file_ref idref="fl-2"/>
      </object_component>
      <object_component id="oc-1ed">
         <name>.debug_line</name>
         <load_address>0x42b</load_address>
         <run_address>0x42b</run_address>
         <size>0x4b</size>
         <input_file_ref idref="fl-2"/>
      </object_component>
      <object_component id="oc-175">
         <name>.debug_line</name>
         <load_address>0x476</load_address>
         <run_address>0x476</run_address>
         <size>0x6a</size>
         <input_file_ref idref="fl-2"/>
      </object_component>
      <object_component id="oc-1f8">
         <name>.debug_line</name>
         <load_address>0x4e0</load_address>
         <run_address>0x4e0</run_address>
         <size>0x49</size>
         <input_file_ref idref="fl-2"/>
      </object_component>
      <object_component id="oc-21f">
         <name>.debug_line</name>
         <load_address>0x529</load_address>
         <run_address>0x529</run_address>
         <size>0x45</size>
         <input_file_ref idref="fl-2"/>
      </object_component>
      <object_component id="oc-17a">
         <name>.debug_line</name>
         <load_address>0x56e</load_address>
         <run_address>0x56e</run_address>
         <size>0x60</size>
         <input_file_ref idref="fl-2"/>
      </object_component>
      <object_component id="oc-238">
         <name>.debug_line</name>
         <load_address>0x5ce</load_address>
         <run_address>0x5ce</run_address>
         <size>0x45</size>
         <input_file_ref idref="fl-2"/>
      </object_component>
      <object_component id="oc-180">
         <name>.debug_line</name>
         <load_address>0x613</load_address>
         <run_address>0x613</run_address>
         <size>0x6a</size>
         <input_file_ref idref="fl-2"/>
      </object_component>
      <object_component id="oc-24a">
         <name>.debug_line</name>
         <load_address>0x67d</load_address>
         <run_address>0x67d</run_address>
         <size>0x45</size>
         <input_file_ref idref="fl-2"/>
      </object_component>
      <object_component id="oc-244">
         <name>.debug_line</name>
         <load_address>0x6c2</load_address>
         <run_address>0x6c2</run_address>
         <size>0x45</size>
         <input_file_ref idref="fl-2"/>
      </object_component>
      <object_component id="oc-23e">
         <name>.debug_line</name>
         <load_address>0x707</load_address>
         <run_address>0x707</run_address>
         <size>0x45</size>
         <input_file_ref idref="fl-2"/>
      </object_component>
      <object_component id="oc-186">
         <name>.debug_line</name>
         <load_address>0x74c</load_address>
         <run_address>0x74c</run_address>
         <size>0x45</size>
         <input_file_ref idref="fl-2"/>
      </object_component>
      <object_component id="oc-26e">
         <name>.debug_line</name>
         <load_address>0x791</load_address>
         <run_address>0x791</run_address>
         <size>0x45</size>
         <input_file_ref idref="fl-2"/>
      </object_component>
      <object_component id="oc-18c">
         <name>.debug_line</name>
         <load_address>0x7d6</load_address>
         <run_address>0x7d6</run_address>
         <size>0x127</size>
         <input_file_ref idref="fl-2"/>
      </object_component>
      <object_component id="oc-284">
         <name>.debug_line</name>
         <load_address>0x8fd</load_address>
         <run_address>0x8fd</run_address>
         <size>0x8d</size>
         <input_file_ref idref="fl-2"/>
      </object_component>
      <object_component id="oc-27f">
         <name>.debug_line</name>
         <load_address>0x98a</load_address>
         <run_address>0x98a</run_address>
         <size>0x86</size>
         <input_file_ref idref="fl-2"/>
      </object_component>
      <object_component id="oc-193">
         <name>.debug_line</name>
         <load_address>0xa10</load_address>
         <run_address>0xa10</run_address>
         <size>0x97</size>
         <input_file_ref idref="fl-2"/>
      </object_component>
      <object_component id="oc-149">
         <name>.debug_line</name>
         <load_address>0xaa7</load_address>
         <run_address>0xaa7</run_address>
         <size>0x4f</size>
         <input_file_ref idref="fl-2"/>
      </object_component>
      <object_component id="oc-198">
         <name>.debug_line</name>
         <load_address>0xaf6</load_address>
         <run_address>0xaf6</run_address>
         <size>0x2f</size>
         <input_file_ref idref="fl-2"/>
      </object_component>
      <object_component id="oc-2bf">
         <name>.debug_line</name>
         <load_address>0xb25</load_address>
         <run_address>0xb25</run_address>
         <size>0x78</size>
         <input_file_ref idref="fl-2"/>
      </object_component>
      <object_component id="oc-cd">
         <name>.debug_line</name>
         <load_address>0xb9d</load_address>
         <run_address>0xb9d</run_address>
         <size>0x20</size>
         <input_file_ref idref="fl-2"/>
      </object_component>
      <object_component id="oc-2c4">
         <name>.debug_line</name>
         <load_address>0xbbd</load_address>
         <run_address>0xbbd</run_address>
         <size>0x73</size>
         <input_file_ref idref="fl-2"/>
      </object_component>
      <object_component id="oc-378">
         <name>.debug_line</name>
         <load_address>0xc30</load_address>
         <run_address>0xc30</run_address>
         <size>0x76</size>
         <input_file_ref idref="fl-2"/>
      </object_component>
      <object_component id="oc-2ce">
         <name>.debug_line</name>
         <load_address>0xca6</load_address>
         <run_address>0xca6</run_address>
         <size>0x72</size>
         <input_file_ref idref="fl-2"/>
      </object_component>
      <object_component id="oc-2c9">
         <name>.debug_line</name>
         <load_address>0xd18</load_address>
         <run_address>0xd18</run_address>
         <size>0x6e</size>
         <input_file_ref idref="fl-2"/>
      </object_component>
      <object_component id="oc-2d3">
         <name>.debug_line</name>
         <load_address>0xd86</load_address>
         <run_address>0xd86</run_address>
         <size>0x6d</size>
         <input_file_ref idref="fl-2"/>
      </object_component>
      <object_component id="oc-3b0">
         <name>.debug_line</name>
         <load_address>0xdf3</load_address>
         <run_address>0xdf3</run_address>
         <size>0x2d</size>
         <input_file_ref idref="fl-1d"/>
      </object_component>
      <object_component id="oc-263">
         <name>.debug_line</name>
         <load_address>0xe20</load_address>
         <run_address>0xe20</run_address>
         <size>0x47</size>
         <input_file_ref idref="fl-1d"/>
      </object_component>
      <object_component id="oc-32c">
         <name>.debug_line</name>
         <load_address>0xe67</load_address>
         <run_address>0xe67</run_address>
         <size>0x42</size>
         <input_file_ref idref="fl-1d"/>
      </object_component>
      <object_component id="oc-330">
         <name>.debug_line</name>
         <load_address>0xea9</load_address>
         <run_address>0xea9</run_address>
         <size>0x3d</size>
         <input_file_ref idref="fl-1d"/>
      </object_component>
      <object_component id="oc-3da">
         <name>.debug_line</name>
         <load_address>0xee6</load_address>
         <run_address>0xee6</run_address>
         <size>0x91</size>
         <input_file_ref idref="fl-1d"/>
      </object_component>
      <object_component id="oc-3df">
         <name>.debug_line</name>
         <load_address>0xf77</load_address>
         <run_address>0xf77</run_address>
         <size>0x9a</size>
         <input_file_ref idref="fl-1d"/>
      </object_component>
      <object_component id="oc-3a8">
         <name>.debug_line</name>
         <load_address>0x1011</load_address>
         <run_address>0x1011</run_address>
         <size>0x92</size>
         <input_file_ref idref="fl-1d"/>
      </object_component>
      <object_component id="oc-25c">
         <name>.debug_line</name>
         <load_address>0x10a3</load_address>
         <run_address>0x10a3</run_address>
         <size>0x4d</size>
         <input_file_ref idref="fl-1e"/>
      </object_component>
      <object_component id="oc-322">
         <name>.debug_line</name>
         <load_address>0x10f0</load_address>
         <run_address>0x10f0</run_address>
         <size>0x43</size>
         <input_file_ref idref="fl-1f"/>
      </object_component>
      <object_component id="oc-c3">
         <name>.debug_line</name>
         <load_address>0x1133</load_address>
         <run_address>0x1133</run_address>
         <size>0x40</size>
         <input_file_ref idref="fl-20"/>
      </object_component>
      <object_component id="oc-216">
         <name>.debug_line</name>
         <load_address>0x1173</load_address>
         <run_address>0x1173</run_address>
         <size>0x5e</size>
         <input_file_ref idref="fl-21"/>
      </object_component>
      <object_component id="oc-214">
         <name>.debug_line</name>
         <load_address>0x11d1</load_address>
         <run_address>0x11d1</run_address>
         <size>0x83</size>
         <input_file_ref idref="fl-22"/>
      </object_component>
      <object_component id="oc-20c">
         <name>.debug_line</name>
         <load_address>0x1254</load_address>
         <run_address>0x1254</run_address>
         <size>0x94</size>
         <input_file_ref idref="fl-23"/>
      </object_component>
      <object_component id="oc-257">
         <name>.debug_line</name>
         <load_address>0x12e8</load_address>
         <run_address>0x12e8</run_address>
         <size>0x68</size>
         <input_file_ref idref="fl-24"/>
      </object_component>
      <object_component id="oc-e0">
         <name>.debug_line</name>
         <load_address>0x1350</load_address>
         <run_address>0x1350</run_address>
         <size>0x3d</size>
         <input_file_ref idref="fl-32"/>
      </object_component>
      <object_component id="oc-11e">
         <name>.debug_line</name>
         <load_address>0x138d</load_address>
         <run_address>0x138d</run_address>
         <size>0x2a</size>
         <input_file_ref idref="fl-33"/>
      </object_component>
      <object_component id="oc-f4">
         <name>.debug_line</name>
         <load_address>0x13b7</load_address>
         <run_address>0x13b7</run_address>
         <size>0x46</size>
         <input_file_ref idref="fl-33"/>
      </object_component>
      <object_component id="oc-35e">
         <name>.debug_line</name>
         <load_address>0x13fd</load_address>
         <run_address>0x13fd</run_address>
         <size>0xbf</size>
         <input_file_ref idref="fl-34"/>
      </object_component>
      <object_component id="oc-1a7">
         <name>.debug_line</name>
         <load_address>0x14bc</load_address>
         <run_address>0x14bc</run_address>
         <size>0x73</size>
         <input_file_ref idref="fl-34"/>
      </object_component>
      <object_component id="oc-362">
         <name>.debug_line</name>
         <load_address>0x152f</load_address>
         <run_address>0x152f</run_address>
         <size>0x2e</size>
         <input_file_ref idref="fl-34"/>
      </object_component>
      <object_component id="oc-373">
         <name>.debug_line</name>
         <load_address>0x155d</load_address>
         <run_address>0x155d</run_address>
         <size>0x9a</size>
[...]
      <symbol id="sm-27e">
         <name>__TI_int11</name>
         <value>0xfff6</value>
         <object_component_ref idref="oc-49"/>
      </symbol>
      <symbol id="sm-281">
         <name>__TI_int12</name>
         <value>0xfff8</value>
         <object_component_ref idref="oc-4a"/>
      </symbol>
      <symbol id="sm-284">
         <name>__TI_int13</name>
         <value>0xfffa</value>
         <object_component_ref idref="oc-4b"/>
      </symbol>
      <symbol id="sm-287">
         <name>__TI_int14</name>
         <value>0xfffc</value>
         <object_component_ref idref="oc-4c"/>
      </symbol>
      <symbol id="sm-28f">
         <name>__TI_ISR_TRAP</name>
         <value>0xe27c</value>
         <object_component_ref idref="oc-dc"/>
      </symbol>
      <symbol id="sm-29f">
         <name>_stack</name>
         <value>0x3b0</value>
         <object_component_ref idref="oc-b1"/>
      </symbol>
      <symbol id="sm-2a0">
         <name>_c_int00_noargs</name>
         <value>0xe104</value>
         <object_component_ref idref="oc-f3"/>
      </symbol>
      <symbol id="sm-2a1">
         <name>_reset_vector</name>
         <value>0xfffe</value>
         <object_component_ref idref="oc-b4"/>
      </symbol>
      <symbol id="sm-2c3">
         <name>__TI_auto_init_nobinit_nopinit</name>
         <value>0xde04</value>
         <object_component_ref idref="oc-1a6"/>
      </symbol>
      <symbol id="sm-2d4">
         <name>_system_pre_init</name>
         <value>0xe28a</value>
         <object_component_ref idref="oc-13f"/>
      </symbol>
      <symbol id="sm-2dd">
         <name>_system_post_cinit</name>
         <value>0xe28e</value>
         <object_component_ref idref="oc-299"/>
      </symbol>
      <symbol id="sm-2f3">
         <name>__TI_decompress_none</name>
         <value>0xe218</value>
         <object_component_ref idref="oc-3a"/>
      </symbol>
      <symbol id="sm-316">
         <name>__TI_decompress_lzss</name>
         <value>0xdbbe</value>
         <object_component_ref idref="oc-34"/>
      </symbol>
      <symbol id="sm-32e">
         <name>__mspabi_cvtdf</name>
         <value>0xdaa8</value>
         <object_component_ref idref="oc-205"/>
      </symbol>
      <symbol id="sm-34d">
         <name>__mspabi_cmpd</name>
         <value>0xd640</value>
         <object_component_ref idref="oc-22d"/>
      </symbol>
      <symbol id="sm-35e">
         <name>__mspabi_cvtfd</name>
         <value>0xdc3a</value>
         <object_component_ref idref="oc-221"/>
      </symbol>
      <symbol id="sm-37f">
         <name>__mspabi_divd</name>
         <value>0xd026</value>
         <object_component_ref idref="oc-1ff"/>
      </symbol>
      <symbol id="sm-394">
         <name>__mspabi_fltuld</name>
         <value>0xdb34</value>
         <object_component_ref idref="oc-1f9"/>
      </symbol>
      <symbol id="sm-3af">
         <name>__TI_frcdivd</name>
         <value>0xc6ba</value>
         <object_component_ref idref="oc-2ed"/>
      </symbol>
      <symbol id="sm-3d1">
         <name>__mspabi_mpyd</name>
         <value>0xcdb8</value>
         <object_component_ref idref="oc-227"/>
      </symbol>
      <symbol id="sm-3db">
         <name>C$$EXIT</name>
         <value>0xe284</value>
         <object_component_ref idref="oc-19a"/>
      </symbol>
      <symbol id="sm-3dc">
         <name>abort</name>
         <value>0xe284</value>
         <object_component_ref idref="oc-19a"/>
      </symbol>
      <symbol id="sm-3ec">
         <name>memcpy</name>
         <value>0xe22a</value>
         <object_component_ref idref="oc-cf"/>
      </symbol>
      <symbol id="sm-3fa">
         <name>memset</name>
         <value>0xe1de</value>
         <object_component_ref idref="oc-24d"/>
      </symbol>
      <symbol id="sm-443">
         <name>__TI_printfi_minimal</name>
         <value>0xd554</value>
         <object_component_ref idref="oc-333"/>
      </symbol>
      <symbol id="sm-44b">
         <name>__mspabi_srai</name>
         <value>0xdfcc</value>
         <object_component_ref idref="oc-300"/>
      </symbol>
      <symbol id="sm-44c">
         <name>__mspabi_srai_8</name>
         <value>0xdfe6</value>
         <object_component_ref idref="oc-300"/>
      </symbol>
      <symbol id="sm-44d">
         <name>__mspabi_srai_9</name>
         <value>0xdfe4</value>
         <object_component_ref idref="oc-300"/>
      </symbol>
      <symbol id="sm-44e">
         <name>__mspabi_srai_6</name>
         <value>0xdfea</value>
         <object_component_ref idref="oc-300"/>
      </symbol>
      <symbol id="sm-44f">
         <name>__mspabi_srai_7</name>
         <value>0xdfe8</value>
         <object_component_ref idref="oc-300"/>
      </symbol>
      <symbol id="sm-450">
         <name>__mspabi_srai_4</name>
         <value>0xdfee</value>
         <object_component_ref idref="oc-300"/>
      </symbol>
      <symbol id="sm-451">
         <name>__mspabi_srai_5</name>
         <value>0xdfec</value>
         <object_component_ref idref="oc-300"/>
      </symbol>
      <symbol id="sm-452">
         <name>__mspabi_srai_2</name>
         <value>0xdff2</value>
         <object_component_ref idref="oc-300"/>
      </symbol>
      <symbol id="sm-453">
         <name>__mspabi_srai_3</name>
         <value>0xdff0</value>
         <object_component_ref idref="oc-300"/>
      </symbol>
      <symbol id="sm-454">
         <name>__mspabi_srai_1</name>
         <value>0xdff4</value>
         <object_component_ref idref="oc-300"/>
      </symbol>
      <symbol id="sm-455">
         <name>__mspabi_srai_15</name>
         <value>0xdfd8</value>
         <object_component_ref idref="oc-300"/>
      </symbol>
      <symbol id="sm-456">
         <name>__mspabi_srai_14</name>
         <value>0xdfda</value>
         <object_component_ref idref="oc-300"/>
      </symbol>
      <symbol id="sm-457">
         <name>__mspabi_srai_13</name>
         <value>0xdfdc</value>
         <object_component_ref idref="oc-300"/>
      </symbol>
      <symbol id="sm-458">
         <name>__mspabi_srai_12</name>
         <value>0xdfde</value>
         <object_component_ref idref="oc-300"/>
      </symbol>
      <symbol id="sm-459">
         <name>__mspabi_srai_11</name>
         <value>0xdfe0</value>
         <object_component_ref idref="oc-300"/>
      </symbol>
      <symbol id="sm-45a">
         <name>__mspabi_srai_10</name>
         <value>0xdfe2</value>
         <object_component_ref idref="oc-300"/>
      </symbol>
      <symbol id="sm-462">
         <name>__mspabi_sral_15</name>
         <value>0xde46</value>
         <object_component_ref idref="oc-305"/>
      </symbol>
      <symbol id="sm-463">
         <name>__mspabi_sral_14</name>
         <value>0xde4a</value>
         <object_component_ref idref="oc-305"/>
      </symbol>
      <symbol id="sm-464">
         <name>__mspabi_sral_13</name>
         <value>0xde4e</value>
         <object_component_ref idref="oc-305"/>
      </symbol>
      <symbol id="sm-465">
         <name>__mspabi_sral_12</name>
         <value>0xde52</value>
         <object_component_ref idref="oc-305"/>
      </symbol>
      <symbol id="sm-466">
         <name>__mspabi_sral_11</name>
         <value>0xde56</value>
         <object_component_ref idref="oc-305"/>
      </symbol>
      <symbol id="sm-467">
         <name>__mspabi_sral_10</name>
         <value>0xde5a</value>
         <object_component_ref idref="oc-305"/>
      </symbol>
      <symbol id="sm-468">
         <name>__mspabi_sral_8</name>
         <value>0xde62</value>
         <object_component_ref idref="oc-305"/>
      </symbol>
      <symbol id="sm-469">
         <name>__mspabi_sral_9</name>
         <value>0xde5e</value>
         <object_component_ref idref="oc-305"/>
      </symbol>
      <symbol id="sm-46a">
         <name>__mspabi_sral_6</name>
         <value>0xde6a</value>
         <object_component_ref idref="oc-305"/>
      </symbol>
      <symbol id="sm-46b">
         <name>__mspabi_sral_7</name>
         <value>0xde66</value>
         <object_component_ref idref="oc-305"/>
      </symbol>
      <symbol id="sm-46c">
         <name>__mspabi_sral_4</name>
         <value>0xde72</value>
         <object_component_ref idref="oc-305"/>
      </symbol>
      <symbol id="sm-46d">
         <name>__mspabi_sral_5</name>
         <value>0xde6e</value>
         <object_component_ref idref="oc-305"/>
      </symbol>
      <symbol id="sm-46e">
         <name>__mspabi_sral_2</name>
         <value>0xde7a</value>
         <object_component_ref idref="oc-305"/>
      </symbol>
      <symbol id="sm-46f">
         <name>__mspabi_sral_3</name>
         <value>0xde76</value>
         <object_component_ref idref="oc-305"/>
      </symbol>
      <symbol id="sm-470">
         <name>__mspabi_sral_1</name>
         <value>0xde7e</value>
         <object_component_ref idref="oc-305"/>
      </symbol>
      <symbol id="sm-478">
         <name>__mspabi_slli</name>
         <value>0xe024</value>
         <object_component_ref idref="oc-b5"/>
      </symbol>
      <symbol id="sm-479">
         <name>__mspabi_slli_9</name>
         <value>0xe03c</value>
         <object_component_ref idref="oc-b5"/>
      </symbol>
      <symbol id="sm-47a">
         <name>__mspabi_slli_8</name>
         <value>0xe03e</value>
         <object_component_ref idref="oc-b5"/>
      </symbol>
      <symbol id="sm-47b">
         <name>__mspabi_slli_7</name>
         <value>0xe040</value>
         <object_component_ref idref="oc-b5"/>
      </symbol>
      <symbol id="sm-47c">
         <name>__mspabi_slli_6</name>
         <value>0xe042</value>
         <object_component_ref idref="oc-b5"/>
      </symbol>
      <symbol id="sm-47d">
         <name>__mspabi_slli_5</name>
         <value>0xe044</value>
         <object_component_ref idref="oc-b5"/>
      </symbol>
      <symbol id="sm-47e">
         <name>__mspabi_slli_4</name>
         <value>0xe046</value>
         <object_component_ref idref="oc-b5"/>
      </symbol>
      <symbol id="sm-47f">
         <name>__mspabi_slli_3</name>
         <value>0xe048</value>
         <object_component_ref idref="oc-b5"/>
      </symbol>
      <symbol id="sm-480">
         <name>__mspabi_slli_2</name>
         <value>0xe04a</value>
         <object_component_ref idref="oc-b5"/>
      </symbol>
      <symbol id="sm-481">
         <name>__mspabi_slli_1</name>
         <value>0xe04c</value>
         <object_component_ref idref="oc-b5"/>
      </symbol>
      <symbol id="sm-482">
         <name>__mspabi_slli_15</name>
         <value>0xe030</value>
         <object_component_ref idref="oc-b5"/>
      </symbol>
      <symbol id="sm-483">
         <name>__mspabi_slli_14</name>
         <value>0xe032</value>
         <object_component_ref idref="oc-b5"/>
      </symbol>
      <symbol id="sm-484">
         <name>__mspabi_slli_13</name>
         <value>0xe034</value>
         <object_component_ref idref="oc-b5"/>
      </symbol>
      <symbol id="sm-485">
         <name>__mspabi_slli_12</name>
         <value>0xe036</value>
         <object_component_ref idref="oc-b5"/>
      </symbol>
      <symbol id="sm-486">
         <name>__mspabi_slli_11</name>
         <value>0xe038</value>
         <object_component_ref idref="oc-b5"/>
      </symbol>
      <symbol id="sm-487">
         <name>__mspabi_slli_10</name>
         <value>0xe03a</value>
         <object_component_ref idref="oc-b5"/>
      </symbol>
      <symbol id="sm-48f">
         <name>__mspabi_slll_9</name>
         <value>0xde9c</value>
         <object_component_ref idref="oc-2e1"/>
      </symbol>
      <symbol id="sm-490">
         <name>__mspabi_slll_8</name>
         <value>0xdea0</value>
         <object_component_ref idref="oc-2e1"/>
      </symbol>
      <symbol id="sm-491">
         <name>__mspabi_slll_7</name>
         <value>0xdea4</value>
         <object_component_ref idref="oc-2e1"/>
      </symbol>
      <symbol id="sm-492">
         <name>__mspabi_slll_6</name>
         <value>0xdea8</value>
         <object_component_ref idref="oc-2e1"/>
      </symbol>
      <symbol id="sm-493">
         <name>__mspabi_slll_5</name>
         <value>0xdeac</value>
         <object_component_ref idref="oc-2e1"/>
      </symbol>
      <symbol id="sm-494">
         <name>__mspabi_slll_4</name>
         <value>0xdeb0</value>
         <object_component_ref idref="oc-2e1"/>
      </symbol>
      <symbol id="sm-495">
         <name>__mspabi_slll_3</name>
         <value>0xdeb4</value>
         <object_component_ref idref="oc-2e1"/>
      </symbol>
      <symbol id="sm-496">
         <name>__mspabi_slll_2</name>
         <value>0xdeb8</value>
         <object_component_ref idref="oc-2e1"/>
      </symbol>
      <symbol id="sm-497">
         <name>__mspabi_slll_1</name>
         <value>0xdebc</value>
         <object_component_ref idref="oc-2e1"/>
      </symbol>
      <symbol id="sm-498">
         <name>__mspabi_slll_15</name>
         <value>0xde84</value>
         <object_component_ref idref="oc-2e1"/>
      </symbol>
      <symbol id="sm-499">
         <name>__mspabi_slll_14</name>
         <value>0xde88</value>
         <object_component_ref idref="oc-2e1"/>
      </symbol>
      <symbol id="sm-49a">
         <name>__mspabi_slll_13</name>
         <value>0xde8c</value>
         <object_component_ref idref="oc-2e1"/>
      </symbol>
      <symbol id="sm-49b">
         <name>__mspabi_slll_12</name>
         <value>0xde90</value>
         <object_component_ref idref="oc-2e1"/>
      </symbol>
      <symbol id="sm-49c">
         <name>__mspabi_slll_11</name>
         <value>0xde94</value>
         <object_component_ref idref="oc-2e1"/>
      </symbol>
      <symbol id="sm-49d">
         <name>__mspabi_slll_10</name>
         <value>0xde98</value>
         <object_component_ref idref="oc-2e1"/>
      </symbol>
      <symbol id="sm-4a5">
         <name>__mspabi_srli_8</name>
         <value>0xdd98</value>
         <object_component_ref idref="oc-ba"/>
      </symbol>
      <symbol id="sm-4a6">
         <name>__mspabi_srli_9</name>
         <value>0xdd94</value>
         <object_component_ref idref="oc-ba"/>
      </symbol>
      <symbol id="sm-4a7">
         <name>__mspabi_srli_6</name>
         <value>0xdda0</value>
         <object_component_ref idref="oc-ba"/>
      </symbol>
      <symbol id="sm-4a8">
         <name>__mspabi_srli_7</name>
         <value>0xdd9c</value>
         <object_component_ref idref="oc-ba"/>
      </symbol>
      <symbol id="sm-4a9">
         <name>__mspabi_srli_4</name>
         <value>0xdda8</value>
         <object_component_ref idref="oc-ba"/>
      </symbol>
      <symbol id="sm-4aa">
         <name>__mspabi_srli_5</name>
         <value>0xdda4</value>
         <object_component_ref idref="oc-ba"/>
      </symbol>
      <symbol id="sm-4ab">
         <name>__mspabi_srli_2</name>
         <value>0xddb0</value>
         <object_component_ref idref="oc-ba"/>
      </symbol>
      <symbol id="sm-4ac">
         <name>__mspabi_srli_3</name>
         <value>0xddac</value>
         <object_component_ref idref="oc-ba"/>
      </symbol>
      <symbol id="sm-4ad">
         <name>__mspabi_srli_1</name>
         <value>0xddb4</value>
         <object_component_ref idref="oc-ba"/>
      </symbol>
      <symbol id="sm-4ae">
         <name>__mspabi_srli</name>
         <value>0xdd6e</value>
         <object_component_ref idref="oc-ba"/>
      </symbol>
      <symbol id="sm-4af">
         <name>__mspabi_srli_15</name>
         <value>0xdd7c</value>
         <object_component_ref idref="oc-ba"/>
      </symbol>
      <symbol id="sm-4b0">
         <name>__mspabi_srli_14</name>
         <value>0xdd80</value>
         <object_component_ref idref="oc-ba"/>
      </symbol>
      <symbol id="sm-4b1">
         <name>__mspabi_srli_13</name>
         <value>0xdd84</value>
         <object_component_ref idref="oc-ba"/>
      </symbol>
      <symbol id="sm-4b2">
         <name>__mspabi_srli_12</name>
         <value>0xdd88</value>
         <object_component_ref idref="oc-ba"/>
      </symbol>
      <symbol id="sm-4b3">
         <name>__mspabi_srli_11</name>
         <value>0xdd8c</value>
         <object_component_ref idref="oc-ba"/>
      </symbol>
      <symbol id="sm-4b4">
         <name>__mspabi_srli_10</name>
         <value>0xdd90</value>
         <object_component_ref idref="oc-ba"/>
      </symbol>
      <symbol id="sm-4bc">
         <name>__mspabi_srll_8</name>
         <value>0xdd3c</value>
         <object_component_ref idref="oc-2e6"/>
      </symbol>
      <symbol id="sm-4bd">
         <name>__mspabi_srll_9</name>
         <value>0xdd36</value>
         <object_component_ref idref="oc-2e6"/>
      </symbol>
      <symbol id="sm-4be">
         <name>__mspabi_srll_6</name>
         <value>0xdd48</value>
         <object_component_ref idref="oc-2e6"/>
      </symbol>
      <symbol id="sm-4bf">
         <name>__mspabi_srll_7</name>
         <value>0xdd42</value>
         <object_component_ref idref="oc-2e6"/>
      </symbol>
      <symbol id="sm-4c0">
         <name>__mspabi_srll_4</name>
         <value>0xdd54</value>
         <object_component_ref idref="oc-2e6"/>
      </symbol>
      <symbol id="sm-4c1">
         <name>__mspabi_srll_5</name>
         <value>0xdd4e</value>
         <object_component_ref idref="oc-2e6"/>
      </symbol>
      <symbol id="sm-4c2">
         <name>__mspabi_srll_2</name>
         <value>0xdd60</value>
         <object_component_ref idref="oc-2e6"/>
      </symbol>
      <symbol id="sm-4c3">
         <name>__mspabi_srll_3</name>
         <value>0xdd5a</value>
         <object_component_ref idref="oc-2e6"/>
      </symbol>
      <symbol id="sm-4c4">
         <name>__mspabi_srll_1</name>
         <value>0xdd66</value>
         <object_component_ref idref="oc-2e6"/>
      </symbol>
      <symbol id="sm-4c5">
         <name>__mspabi_srll_15</name>
         <value>0xdd12</value>
         <object_component_ref idref="oc-2e6"/>
      </symbol>
      <symbol id="sm-4c6">
         <name>__mspabi_srll_14</name>
         <value>0xdd18</value>
         <object_component_ref idref="oc-2e6"/>
      </symbol>
      <symbol id="sm-4c7">
         <name>__mspabi_srll_13</name>
         <value>0xdd1e</value>
         <object_component_ref idref="oc-2e6"/>
      </symbol>
      <symbol id="sm-4c8">
         <name>__mspabi_srll_12</name>
         <value>0xdd24</value>
         <object_component_ref idref="oc-2e6"/>
      </symbol>
      <symbol id="sm-4c9">
         <name>__mspabi_srll_11</name>
         <value>0xdd2a</value>
         <object_component_ref idref="oc-2e6"/>
      </symbol>
      <symbol id="sm-4ca">
         <name>__mspabi_srll_10</name>
         <value>0xdd30</value>
         <object_component_ref idref="oc-2e6"/>
      </symbol>
      <symbol id="sm-4d4">
         <name>__mspabi_mpyi_sw</name>
         <value>0xe1f2</value>
         <object_component_ref idref="oc-369"/>
      </symbol>
      <symbol id="sm-4d5">
         <name>__mspabi_mpyi</name>
         <value>0xe1f2</value>
         <object_component_ref idref="oc-369"/>
      </symbol>
      <symbol id="sm-4df">
         <name>__mspabi_mpyl_sw</name>
         <value>0xe07a</value>
         <object_component_ref idref="oc-37f"/>
      </symbol>
      <symbol id="sm-4e0">
         <name>__mspabi_mpyl</name>
         <value>0xe07a</value>
         <object_component_ref idref="oc-37f"/>
      </symbol>
      <symbol id="sm-4f2">
         <name>__TI_frcmpyd</name>
         <value>0xcb32</value>
         <object_component_ref idref="oc-311"/>
      </symbol>
      <symbol id="sm-501">
         <name>memccpy</name>
         <value>0xe0c2</value>
         <object_component_ref idref="oc-3ce"/>
      </symbol>
      <symbol id="sm-50e">
         <name>strlen</name>
         <value>0xe24c</value>
         <object_component_ref idref="oc-397"/>
      </symbol>
   </symbol_table>
   <title>Link successful</title>
</link_info>
